Component: ARM Compiler 5.06 update 6 (build 750) Tool: armlink [4d35ed]

==============================================================================

Section Cross References

    startup_stm32h743xx.o(STACK) refers (Special) to heapauxi.o(.text) for __use_two_region_memory
    startup_stm32h743xx.o(HEAP) refers (Special) to heapauxi.o(.text) for __use_two_region_memory
    startup_stm32h743xx.o(RESET) refers (Special) to heapauxi.o(.text) for __use_two_region_memory
    startup_stm32h743xx.o(RESET) refers to startup_stm32h743xx.o(STACK) for __initial_sp
    startup_stm32h743xx.o(RESET) refers to startup_stm32h743xx.o(.text) for Reset_Handler
    startup_stm32h743xx.o(RESET) refers to stm32h7xx_it.o(i.NMI_Handler) for NMI_Handler
    startup_stm32h743xx.o(RESET) refers to stm32h7xx_it.o(i.HardFault_Handler) for HardFault_Handler
    startup_stm32h743xx.o(RESET) refers to stm32h7xx_it.o(i.MemManage_Handler) for MemManage_Handler
    startup_stm32h743xx.o(RESET) refers to stm32h7xx_it.o(i.BusFault_Handler) for BusFault_Handler
    startup_stm32h743xx.o(RESET) refers to stm32h7xx_it.o(i.UsageFault_Handler) for UsageFault_Handler
    startup_stm32h743xx.o(RESET) refers to port.o(.emb_text) for SVC_Handler
    startup_stm32h743xx.o(RESET) refers to stm32h7xx_it.o(i.DebugMon_Handler) for DebugMon_Handler
    startup_stm32h743xx.o(RESET) refers to port.o(i.SysTick_Handler) for SysTick_Handler
    startup_stm32h743xx.o(RESET) refers to stm32h7xx_it.o(i.TIM2_IRQHandler) for TIM2_IRQHandler
    startup_stm32h743xx.o(.text) refers (Special) to heapauxi.o(.text) for __use_two_region_memory
    startup_stm32h743xx.o(.text) refers to system_stm32h7xx.o(i.SystemInit) for SystemInit
    startup_stm32h743xx.o(.text) refers to __main.o(!!!main) for __main
    startup_stm32h743xx.o(.text) refers to startup_stm32h743xx.o(HEAP) for Heap_Mem
    startup_stm32h743xx.o(.text) refers to startup_stm32h743xx.o(STACK) for Stack_Mem
    main.o(i.HAL_TIM_PeriodElapsedCallback) refers to stm32h7xx_hal.o(i.HAL_IncTick) for HAL_IncTick
    main.o(i.SystemClock_Config) refers to rt_memclr_w.o(.text) for __aeabi_memclr4
    main.o(i.SystemClock_Config) refers to stm32h7xx_hal_pwr_ex.o(i.HAL_PWREx_ConfigSupply) for HAL_PWREx_ConfigSupply
    main.o(i.SystemClock_Config) refers to stm32h7xx_hal_rcc.o(i.HAL_RCC_OscConfig) for HAL_RCC_OscConfig
    main.o(i.SystemClock_Config) refers to stm32h7xx_hal_rcc.o(i.HAL_RCC_ClockConfig) for HAL_RCC_ClockConfig
    main.o(i.SystemClock_Config) refers to stm32h7xx_hal_rcc_ex.o(i.HAL_RCCEx_PeriphCLKConfig) for HAL_RCCEx_PeriphCLKConfig
    main.o(i.SystemClock_Config) refers to stm32h7xx_hal_pwr_ex.o(i.HAL_PWREx_EnableUSBVoltageDetector) for HAL_PWREx_EnableUSBVoltageDetector
    main.o(i.main) refers to stm32h7xx_hal.o(i.HAL_Init) for HAL_Init
    main.o(i.main) refers to main.o(i.SystemClock_Config) for SystemClock_Config
    main.o(i.main) refers to gpio.o(i.MX_GPIO_Init) for MX_GPIO_Init
    main.o(i.main) refers to quadspi.o(i.MX_QUADSPI_Init) for MX_QUADSPI_Init
    main.o(i.main) refers to sdmmc.o(i.MX_SDMMC1_SD_Init) for MX_SDMMC1_SD_Init
    main.o(i.main) refers to spi.o(i.MX_SPI1_Init) for MX_SPI1_Init
    main.o(i.main) refers to spi.o(i.MX_SPI4_Init) for MX_SPI4_Init
    main.o(i.main) refers to tim.o(i.MX_TIM1_Init) for MX_TIM1_Init
    main.o(i.main) refers to usb_otg.o(i.MX_USB_OTG_FS_HCD_Init) for MX_USB_OTG_FS_HCD_Init
    main.o(i.main) refers to cmsis_os2.o(i.osKernelInitialize) for osKernelInitialize
    main.o(i.main) refers to freertos.o(i.MX_FREERTOS_Init) for MX_FREERTOS_Init
    main.o(i.main) refers to cmsis_os2.o(i.osKernelStart) for osKernelStart
    gpio.o(i.MX_GPIO_Init) refers to rt_memclr_w.o(.text) for __aeabi_memclr4
    gpio.o(i.MX_GPIO_Init) refers to stm32h7xx_hal_gpio.o(i.HAL_GPIO_WritePin) for HAL_GPIO_WritePin
    gpio.o(i.MX_GPIO_Init) refers to stm32h7xx_hal_gpio.o(i.HAL_GPIO_Init) for HAL_GPIO_Init
    freertos.o(i.MX_FREERTOS_Init) refers to cmsis_os2.o(i.osThreadNew) for osThreadNew
    freertos.o(i.MX_FREERTOS_Init) refers to freertos.o(.constdata) for .constdata
    freertos.o(i.MX_FREERTOS_Init) refers to freertos.o(i.StartDefaultTask) for StartDefaultTask
    freertos.o(i.MX_FREERTOS_Init) refers to freertos.o(.data) for .data
    freertos.o(i.StartDefaultTask) refers to cmsis_os2.o(i.osDelay) for osDelay
    freertos.o(.constdata) refers to freertos.o(.conststring) for .conststring
    quadspi.o(i.HAL_QSPI_MspDeInit) refers to stm32h7xx_hal_gpio.o(i.HAL_GPIO_DeInit) for HAL_GPIO_DeInit
    quadspi.o(i.HAL_QSPI_MspInit) refers to rt_memclr_w.o(.text) for __aeabi_memclr4
    quadspi.o(i.HAL_QSPI_MspInit) refers to stm32h7xx_hal_gpio.o(i.HAL_GPIO_Init) for HAL_GPIO_Init
    quadspi.o(i.MX_QUADSPI_Init) refers to stm32h7xx_hal_qspi.o(i.HAL_QSPI_Init) for HAL_QSPI_Init
    quadspi.o(i.MX_QUADSPI_Init) refers to main.o(i.Error_Handler) for Error_Handler
    quadspi.o(i.MX_QUADSPI_Init) refers to quadspi.o(.bss) for .bss
[...]
    i.vTaskPlaceOnEventListRestricted        0x08005700   Section        0  tasks.o(i.vTaskPlaceOnEventListRestricted)
    i.vTaskStartScheduler                    0x08005738   Section        0  tasks.o(i.vTaskStartScheduler)
    i.vTaskSuspendAll                        0x080057c0   Section        0  tasks.o(i.vTaskSuspendAll)
    i.vTaskSwitchContext                     0x080057d0   Section        0  tasks.o(i.vTaskSwitchContext)
    i.xPortStartScheduler                    0x08005834   Section        0  port.o(i.xPortStartScheduler)
    i.xQueueGenericCreateStatic              0x08005928   Section        0  queue.o(i.xQueueGenericCreateStatic)
    i.xQueueGenericReset                     0x08005990   Section        0  queue.o(i.xQueueGenericReset)
    i.xQueueGenericSend                      0x08005a24   Section        0  queue.o(i.xQueueGenericSend)
    i.xQueueGenericSendFromISR               0x08005b84   Section        0  queue.o(i.xQueueGenericSendFromISR)
    i.xQueueReceive                          0x08005c40   Section        0  queue.o(i.xQueueReceive)
    i.xTaskCheckForTimeOut                   0x08005d7c   Section        0  tasks.o(i.xTaskCheckForTimeOut)
    i.xTaskCreate                            0x08005df4   Section        0  tasks.o(i.xTaskCreate)
    i.xTaskCreateStatic                      0x08005e4e   Section        0  tasks.o(i.xTaskCreateStatic)
    i.xTaskGetSchedulerState                 0x08005ea4   Section        0  tasks.o(i.xTaskGetSchedulerState)
    i.xTaskGetTickCount                      0x08005ec0   Section        0  tasks.o(i.xTaskGetTickCount)
    i.xTaskIncrementTick                     0x08005ecc   Section        0  tasks.o(i.xTaskIncrementTick)
    i.xTaskPriorityDisinherit                0x08005f94   Section        0  tasks.o(i.xTaskPriorityDisinherit)
    i.xTaskRemoveFromEventList               0x08006010   Section        0  tasks.o(i.xTaskRemoveFromEventList)
    i.xTaskResumeAll                         0x08006080   Section        0  tasks.o(i.xTaskResumeAll)
    i.xTimerCreateTimerTask                  0x08006144   Section        0  timers.o(i.xTimerCreateTimerTask)
    i.xTimerGenericCommand                   0x080061a4   Section        0  timers.o(i.xTimerGenericCommand)
    x$fpl$fpinit                             0x0800620c   Section       10  fpinit.o(x$fpl$fpinit)
    $v0                                      0x0800620c   Number         0  fpinit.o(x$fpl$fpinit)
    .constdata                               0x08006218   Section       36  freertos.o(.constdata)
    .constdata                               0x0800623c   Section       16  system_stm32h7xx.o(.constdata)
    .conststring                             0x0800624c   Section       12  freertos.o(.conststring)
    .data                                    0x24000000   Section        4  freertos.o(.data)
    .data                                    0x24000004   Section       12  stm32h7xx_hal.o(.data)
    .data                                    0x24000010   Section        8  system_stm32h7xx.o(.data)
    .data                                    0x24000018   Section       60  tasks.o(.data)
    pxDelayedTaskList                        0x2400001c   Data           4  tasks.o(.data)
    pxOverflowDelayedTaskList                0x24000020   Data           4  tasks.o(.data)
    uxDeletedTasksWaitingCleanUp             0x24000024   Data           4  tasks.o(.data)
    uxCurrentNumberOfTasks                   0x24000028   Data           4  tasks.o(.data)
    xTickCount                               0x2400002c   Data           4  tasks.o(.data)
    uxTopReadyPriority                       0x24000030   Data           4  tasks.o(.data)
    xSchedulerRunning                        0x24000034   Data           4  tasks.o(.data)
    uxPendedTicks                            0x24000038   Data           4  tasks.o(.data)
    xYieldPending                            0x2400003c   Data           4  tasks.o(.data)
    xNumOfOverflows                          0x24000040   Data           4  tasks.o(.data)
    uxTaskNumber                             0x24000044   Data           4  tasks.o(.data)
    xNextTaskUnblockTime                     0x24000048   Data           4  tasks.o(.data)
    xIdleTaskHandle                          0x2400004c   Data           4  tasks.o(.data)
    uxSchedulerSuspended                     0x24000050   Data           4  tasks.o(.data)
    .data                                    0x24000054   Section       20  timers.o(.data)
    pxCurrentTimerList                       0x24000054   Data           4  timers.o(.data)
    pxOverflowTimerList                      0x24000058   Data           4  timers.o(.data)
    xTimerQueue                              0x2400005c   Data           4  timers.o(.data)
    xTimerTaskHandle                         0x24000060   Data           4  timers.o(.data)
    xLastTime                                0x24000064   Data           4  timers.o(.data)
    .data                                    0x24000068   Section        4  cmsis_os2.o(.data)
    KernelState                              0x24000068   Data           4  cmsis_os2.o(.data)
    .data                                    0x2400006c   Section       24  heap_4.o(.data)
    pxEnd                                    0x2400006c   Data           4  heap_4.o(.data)
    xFreeBytesRemaining                      0x24000070   Data           4  heap_4.o(.data)
    xMinimumEverFreeBytesRemaining           0x24000074   Data           4  heap_4.o(.data)
    xBlockAllocatedBit                       0x24000078   Data           4  heap_4.o(.data)
    xStart                                   0x2400007c   Data           8  heap_4.o(.data)
    .data                                    0x24000084   Section       12  port.o(.data)
    ucMaxSysCallPriority                     0x24000084   Data           1  port.o(.data)
    uxCriticalNesting                        0x24000088   Data           4  port.o(.data)
    ulMaxPRIGROUPValue                       0x2400008c   Data           4  port.o(.data)
    .bss                                     0x24000090   Section       76  quadspi.o(.bss)
    .bss                                     0x240000dc   Section      128  sdmmc.o(.bss)
    .bss                                     0x2400015c   Section      272  spi.o(.bss)
    .bss                                     0x2400026c   Section       76  tim.o(.bss)
    .bss                                     0x240002b8   Section      708  usb_otg.o(.bss)
    .bss                                     0x2400057c   Section       76  stm32h7xx_hal_timebase_tim.o(.bss)
    .bss                                     0x240005c8   Section       64  queue.o(.bss)
    .bss                                     0x24000608   Section     1220  tasks.o(.bss)
    pxReadyTasksLists                        0x24000608   Data        1120  tasks.o(.bss)
    xDelayedTaskList1                        0x24000a68   Data          20  tasks.o(.bss)
    xDelayedTaskList2                        0x24000a7c   Data          20  tasks.o(.bss)
    xPendingReadyList                        0x24000a90   Data          20  tasks.o(.bss)
    xTasksWaitingTermination                 0x24000aa4   Data          20  tasks.o(.bss)
    xSuspendedTaskList                       0x24000ab8   Data          20  tasks.o(.bss)
    .bss                                     0x24000acc   Section      280  timers.o(.bss)
    xActiveTimerList1                        0x24000acc   Data          20  timers.o(.bss)
    xActiveTimerList2                        0x24000ae0   Data          20  timers.o(.bss)
    xStaticTimerQueue                        0x24000af4   Data          80  timers.o(.bss)
    ucStaticTimerQueueStorage                0x24000b44   Data         160  timers.o(.bss)
    .bss                                     0x24000be4   Section     1720  cmsis_os2.o(.bss)
    Idle_TCB                                 0x24000be4   Data          92  cmsis_os2.o(.bss)
    Idle_Stack                               0x24000c40   Data         512  cmsis_os2.o(.bss)
    Timer_TCB                                0x24000e40   Data          92  cmsis_os2.o(.bss)
    Timer_Stack                              0x24000e9c   Data        1024  cmsis_os2.o(.bss)
    .bss                                     0x2400129c   Section    15360  heap_4.o(.bss)
    ucHeap                                   0x2400129c   Data       15360  heap_4.o(.bss)
    .bss                                     0x24004e9c   Section       96  libspace.o(.bss)
    HEAP                                     0x24004f00   Section      512  startup_stm32h743xx.o(HEAP)
    Heap_Mem                                 0x24004f00   Data         512  startup_stm32h743xx.o(HEAP)
    STACK                                    0x24005100   Section     1024  startup_stm32h743xx.o(STACK)
    Stack_Mem                                0x24005100   Data        1024  startup_stm32h743xx.o(STACK)
    __initial_sp                             0x24005500   Data           0  startup_stm32h743xx.o(STACK)

    Global Symbols

    Symbol Name                              Value     Ov Type        Size  Object(Section)

    BuildAttributes$$THM_ISAv4$E$P$D$K$B$S$7EM$VFPv5_D16$PE$PLD8$A:L22UL41UL21$X:L11$S22US41US21$IEEE1$IW$USESV6$~STKCKD$USESV7$~SHL$OSPACE$ROPI$EBA8$UX$STANDARDLIB$REQ8$PRES8$EABIv2 0x00000000   Number         0  anon$$obj.o ABSOLUTE
    __ARM_use_no_argv                        0x00000000   Number         0  main.o ABSOLUTE
    __ARM_exceptions_init                     - Undefined Weak Reference
    __alloca_initialize                       - Undefined Weak Reference
    __arm_preinit_                            - Undefined Weak Reference
    __cpp_initialize__aeabi_                  - Undefined Weak Reference
    __cxa_finalize                            - Undefined Weak Reference
    __rt_locale                               - Undefined Weak Reference
    __sigvec_lookup                           - Undefined Weak Reference
    _atexit_init                              - Undefined Weak Reference
    _call_atexit_fns                          - Undefined Weak Reference
    _clock_init                               - Undefined Weak Reference
    _fp_trap_init                             - Undefined Weak Reference
    _fp_trap_shutdown                         - Undefined Weak Reference
    _get_lc_collate                           - Undefined Weak Reference
    _get_lc_ctype                             - Undefined Weak Reference
    _get_lc_monetary                          - Undefined Weak Reference
    _get_lc_numeric                           - Undefined Weak Reference
    _get_lc_time                              - Undefined Weak Reference
    _getenv_init                              - Undefined Weak Reference
    _handle_redirection                       - Undefined Weak Reference
    _init_alloc                               - Undefined Weak Reference
    _init_user_alloc                          - Undefined Weak Reference
    _initio                                   - Undefined Weak Reference
    _rand_init                                - Undefined Weak Reference
    _signal_finish                            - Undefined Weak Reference
    _signal_init                              - Undefined Weak Reference
    _terminate_alloc                          - Undefined Weak Reference
    _terminate_user_alloc                     - Undefined Weak Reference
    _terminateio                              - Undefined Weak Reference
    __Vectors_Size                           0x00000298   Number         0  startup_stm32h743xx.o ABSOLUTE
    __Vectors                                0x08000000   Data           4  startup_stm32h743xx.o(RESET)
    __Vectors_End                            0x08000298   Data           0  startup_stm32h743xx.o(RESET)
    __main                                   0x08000299   Thumb Code     8  __main.o(!!!main)
    __scatterload                            0x080002a1   Thumb Code     0  __scatter.o(!!!scatter)
    __scatterload_rt2                        0x080002a1   Thumb Code    44  __scatter.o(!!!scatter)
    __scatterload_rt2_thumb_only             0x080002a1   Thumb Code     0  __scatter.o(!!!scatter)
    __scatterload_null                       0x080002af   Thumb Code     0  __scatter.o(!!!scatter)
    __scatterload_copy                       0x080002d5   Thumb Code    26  __scatter_copy.o(!!handler_copy)
    __scatterload_zeroinit                   0x080002f1   Thumb Code    28  __scatter_zi.o(!!handler_zi)
    __rt_lib_init                            0x0800030d   Thumb Code     0  libinit.o(.ARM.Collect$$libinit$$00000000)
    __rt_lib_init_fp_1                       0x0800030f   Thumb Code     0  libinit2.o(.ARM.Collect$$libinit$$00000001)
    __rt_lib_init_alloca_1                   0x08000313   Thumb Code     0  libinit2.o(.ARM.Collect$$libinit$$0000002E)
    __rt_lib_init_argv_1                     0x08000313   Thumb Code     0  libinit2.o(.ARM.Collect$$libinit$$0000002C)
    __rt_lib_init_atexit_1                   0x08000313   Thumb Code     0  libinit2.o(.ARM.Collect$$libinit$$0000001B)
    __rt_lib_init_clock_1                    0x08000313   Thumb Code     0  libinit2.o(.ARM.Collect$$libinit$$00000021)
    __rt_lib_init_cpp_1                      0x08000313   Thumb Code     0  libinit2.o(.ARM.Collect$$libinit$$00000032)
    __rt_lib_init_exceptions_1               0x08000313   Thumb Code     0  libinit2.o(.ARM.Collect$$libinit$$00000030)
    __rt_lib_init_fp_trap_1                  0x08000313   Thumb Code     0  libinit2.o(.ARM.Collect$$libinit$$0000001F)
    __rt_lib_init_getenv_1                   0x08000313   Thumb Code     0  libinit2.o(.ARM.Collect$$libinit$$00000023)
    __rt_lib_init_heap_1                     0x08000313   Thumb Code     0  libinit2.o(.ARM.Collect$$libinit$$0000000A)
    __rt_lib_init_lc_collate_1               0x08000313   Thumb Code     0  libinit2.o(.ARM.Collect$$libinit$$00000011)
    __rt_lib_init_lc_ctype_1                 0x08000313   Thumb Code     0  libinit2.o(.ARM.Collect$$libinit$$00000013)
    __rt_lib_init_lc_monetary_1              0x08000313   Thumb Code     0  libinit2.o(.ARM.Collect$$libinit$$00000015)
    __rt_lib_init_lc_numeric_1               0x08000313   Thumb Code     0  libinit2.o(.ARM.Collect$$libinit$$00000017)
    __rt_lib_init_lc_time_1                  0x08000313   Thumb Code     0  libinit2.o(.ARM.Collect$$libinit$$00000019)
    __rt_lib_init_preinit_1                  0x08000313   Thumb Code     0  libinit2.o(.ARM.Collect$$libinit$$00000004)
    __rt_lib_init_rand_1                     0x08000313   Thumb Code     0  libinit2.o(.ARM.Collect$$libinit$$0000000E)
    __rt_lib_init_return                     0x08000313   Thumb Code     0  libinit2.o(.ARM.Collect$$libinit$$00000033)
    __rt_lib_init_signal_1                   0x08000313   Thumb Code     0  libinit2.o(.ARM.Collect$$libinit$$0000001D)
    __rt_lib_init_stdio_1                    0x08000313   Thumb Code     0  libinit2.o(.ARM.Collect$$libinit$$00000025)
    __rt_lib_init_user_alloc_1               0x08000313   Thumb Code     0  libinit2.o(.ARM.Collect$$libinit$$0000000C)
    __rt_lib_shutdown                        0x08000315   Thumb Code     0  libshutdown.o(.ARM.Collect$$libshutdown$$00000000)
    __rt_lib_shutdown_cpp_1                  0x08000317   Thumb Code     0  libshutdown2.o(.ARM.Collect$$libshutdown$$00000002)
    __rt_lib_shutdown_fp_trap_1              0x08000317   Thumb Code     0  libshutdown2.o(.ARM.Collect$$libshutdown$$00000007)
    __rt_lib_shutdown_heap_1                 0x08000317   Thumb Code     0  libshutdown2.o(.ARM.Collect$$libshutdown$$0000000F)
    __rt_lib_shutdown_return                 0x08000317   Thumb Code     0  libshutdown2.o(.ARM.Collect$$libshutdown$$00000010)
    __rt_lib_shutdown_signal_1               0x08000317   Thumb Code     0  libshutdown2.o(.ARM.Collect$$libshutdown$$0000000A)
    __rt_lib_shutdown_stdio_1                0x08000317   Thumb Code     0  libshutdown2.o(.ARM.Collect$$libshutdown$$00000004)
    __rt_lib_shutdown_user_alloc_1           0x08000317   Thumb Code     0  libshutdown2.o(.ARM.Collect$$libshutdown$$0000000C)
    __rt_entry                               0x08000319   Thumb Code     0  __rtentry.o(.ARM.Collect$$rtentry$$00000000)
    __rt_entry_presh_1                       0x08000319   Thumb Code     0  __rtentry2.o(.ARM.Collect$$rtentry$$00000002)
    __rt_entry_sh                            0x08000319   Thumb Code     0  __rtentry4.o(.ARM.Collect$$rtentry$$00000004)
    __rt_entry_li                            0x0800031f   Thumb Code     0  __rtentry2.o(.ARM.Collect$$rtentry$$0000000A)
    __rt_entry_postsh_1                      0x0800031f   Thumb Code     0  __rtentry2.o(.ARM.Collect$$rtentry$$00000009)
    __rt_entry_main                          0x08000323   Thumb Code     0  __rtentry2.o(.ARM.Collect$$rtentry$$0000000D)
    __rt_entry_postli_1                      0x08000323   Thumb Code     0  __rtentry2.o(.ARM.Collect$$rtentry$$0000000C)
    __rt_exit                                0x0800032b   Thumb Code     0  rtexit.o(.ARM.Collect$$rtexit$$00000000)
    __rt_exit_ls                             0x0800032d   Thumb Code     0  rtexit2.o(.ARM.Collect$$rtexit$$00000003)
    __rt_exit_prels_1                        0x0800032d   Thumb Code     0  rtexit2.o(.ARM.Collect$$rtexit$$00000002)
    __rt_exit_exit                           0x08000331   Thumb Code     0  rtexit2.o(.ARM.Collect$$rtexit$$00000004)
    SVC_Handler                              0x08000339   Thumb Code    28  port.o(.emb_text)
    __asm___6_port_c_39a90d8d__prvStartFirstTask 0x08000359   Thumb Code    36  port.o(.emb_text)
    __asm___6_port_c_39a90d8d__prvEnableVFP  0x08000381   Thumb Code    16  port.o(.emb_text)
    PendSV_Handler                           0x08000395   Thumb Code    88  port.o(.emb_text)
    vPortGetIPSR                             0x080003f1   Thumb Code     6  port.o(.emb_text)
    Reset_Handler                            0x080003f9   Thumb Code     8  startup_stm32h743xx.o(.text)
    ADC3_IRQHandler                          0x08000413   Thumb Code     0  startup_stm32h743xx.o(.text)
    ADC_IRQHandler                           0x08000413   Thumb Code     0  startup_stm32h743xx.o(.text)
    BDMA_Channel0_IRQHandler                 0x08000413   Thumb Code     0  startup_stm32h743xx.o(.text)
    BDMA_Channel1_IRQHandler                 0x08000413   Thumb Code     0  startup_stm32h743xx.o(.text)
    BDMA_Channel2_IRQHandler                 0x08000413   Thumb Code     0  startup_stm32h743xx.o(.text)
    BDMA_Channel3_IRQHandler                 0x08000413   Thumb Code     0  startup_stm32h743xx.o(.text)
    BDMA_Channel4_IRQHandler                 0x08000413   Thumb Code     0  startup_stm32h743xx.o(.text)
    BDMA_Channel5_IRQHandler                 0x08000413   Thumb Code     0  startup_stm32h743xx.o(.text)
    BDMA_Channel6_IRQHandler                 0x08000413   Thumb Code     0  startup_stm32h743xx.o(.text)
    BDMA_Channel7_IRQHandler                 0x08000413   Thumb Code     0  startup_stm32h743xx.o(.text)
    CEC_IRQHandler                           0x08000413   Thumb Code     0  startup_stm32h743xx.o(.text)
    COMP1_IRQHandler                         0x08000413   Thumb Code     0  startup_stm32h743xx.o(.text)
    CRS_IRQHandler                           0x08000413   Thumb Code     0  startup_stm32h743xx.o(.text)
    DCMI_IRQHandler                          0x08000413   Thumb Code     0  startup_stm32h743xx.o(.text)
    DFSDM1_FLT0_IRQHandler                   0x08000413   Thumb Code     0  startup_stm32h743xx.o(.text)
    DFSDM1_FLT1_IRQHandler                   0x08000413   Thumb Code     0  startup_stm32h743xx.o(.text)
    DFSDM1_FLT2_IRQHandler                   0x08000413   Thumb Code     0  startup_stm32h743xx.o(.text)
    DFSDM1_FLT3_IRQHandler                   0x08000413   Thumb Code     0  startup_stm32h743xx.o(.text)
    DMA1_Stream0_IRQHandler                  0x08000413   Thumb Code     0  startup_stm32h743xx.o(.text)
    DMA1_Stream1_IRQHandler                  0x08000413   Thumb Code     0  startup_stm32h743xx.o(.text)
    DMA1_Stream2_IRQHandler                  0x08000413   Thumb Code     0  startup_stm32h743xx.o(.text)
    DMA1_Stream3_IRQHandler                  0x08000413   Thumb Code     0  startup_stm32h743xx.o(.text)
    DMA1_Stream4_IRQHandler                  0x08000413   Thumb Code     0  startup_stm32h743xx.o(.text)
    DMA1_Stream5_IRQHandler                  0x08000413   Thumb Code     0  startup_stm32h743xx.o(.text)
    DMA1_Stream6_IRQHandler                  0x08000413   Thumb Code     0  startup_stm32h743xx.o(.text)
    DMA1_Stream7_IRQHandler                  0x08000413   Thumb Code     0  startup_stm32h743xx.o(.text)
    DMA2D_IRQHandler                         0x08000413   Thumb Code     0  startup_stm32h743xx.o(.text)
    DMA2_Stream0_IRQHandler                  0x08000413   Thumb Code     0  startup_stm32h743xx.o(.text)
    DMA2_Stream1_IRQHandler                  0x08000413   Thumb Code     0  startup_stm32h743xx.o(.text)
    DMA2_Stream2_IRQHandler                  0x08000413   Thumb Code     0  startup_stm32h743xx.o(.text)
    DMA2_Stream3_IRQHandler                  0x08000413   Thumb Code     0  startup_stm32h743xx.o(.text)
    DMA2_Stream4_IRQHandler                  0x08000413   Thumb Code     0  startup_stm32h743xx.o(.text)
    DMA2_Stream5_IRQHandler                  0x08000413   Thumb Code     0  startup_stm32h743xx.o(.text)
    DMA2_Stream6_IRQHandler                  0x08000413   Thumb Code     0  startup_stm32h743xx.o(.text)
    DMA2_Stream7_IRQHandler                  0x08000413   Thumb Code     0  startup_stm32h743xx.o(.text)
    DMAMUX1_OVR_IRQHandler                   0x08000413   Thumb Code     0  startup_stm32h743xx.o(.text)
    DMAMUX2_OVR_IRQHandler                   0x08000413   Thumb Code     0  startup_stm32h743xx.o(.text)
    ECC_IRQHandler                           0x08000413   Thumb Code     0  startup_stm32h743xx.o(.text)
    ETH_IRQHandler                           0x08000413   Thumb Code     0  startup_stm32h743xx.o(.text)
    ETH_WKUP_IRQHandler                      0x08000413   Thumb Code     0  startup_stm32h743xx.o(.text)
    EXTI0_IRQHandler                         0x08000413   Thumb Code     0  startup_stm32h743xx.o(.text)
    EXTI15_10_IRQHandler                     0x08000413   Thumb Code     0  startup_stm32h743xx.o(.text)
    EXTI1_IRQHandler                         0x08000413   Thumb Code     0  startup_stm32h743xx.o(.text)
    EXTI2_IRQHandler                         0x08000413   Thumb Code     0  startup_stm32h743xx.o(.text)
    EXTI3_IRQHandler                         0x08000413   Thumb Code     0  startup_stm32h743xx.o(.text)
    EXTI4_IRQHandler                         0x08000413   Thumb Code     0  startup_stm32h743xx.o(.text)
    EXTI9_5_IRQHandler                       0x08000413   Thumb Code     0  startup_stm32h743xx.o(.text)
    FDCAN1_IT0_IRQHandler                    0x08000413   Thumb Code     0  startup_stm32h743xx.o(.text)
    FDCAN1_IT1_IRQHandler                    0x08000413   Thumb Code     0  startup_stm32h743xx.o(.text)
    FDCAN2_IT0_IRQHandler                    0x08000413   Thumb Code     0  startup_stm32h743xx.o(.text)
    FDCAN2_IT1_IRQHandler                    0x08000413   Thumb Code     0  startup_stm32h743xx.o(.text)
    FDCAN_CAL_IRQHandler                     0x08000413   Thumb Code     0  startup_stm32h743xx.o(.text)
    FLASH_IRQHandler                         0x08000413   Thumb Code     0  startup_stm32h743xx.o(.text)
    FMC_IRQHandler                           0x08000413   Thumb Code     0  startup_stm32h743xx.o(.text)
    FPU_IRQHandler                           0x08000413   Thumb Code     0  startup_stm32h743xx.o(.text)
    HRTIM1_FLT_IRQHandler                    0x08000413   Thumb Code     0  startup_stm32h743xx.o(.text)
    HRTIM1_Master_IRQHandler                 0x08000413   Thumb Code     0  startup_stm32h743xx.o(.text)
    HRTIM1_TIMA_IRQHandler                   0x08000413   Thumb Code     0  startup_stm32h743xx.o(.text)
    HRTIM1_TIMB_IRQHandler                   0x08000413   Thumb Code     0  startup_stm32h743xx.o(.text)
    HRTIM1_TIMC_IRQHandler                   0x08000413   Thumb Code     0  startup_stm32h743xx.o(.text)
    HRTIM1_TIMD_IRQHandler                   0x08000413   Thumb Code     0  startup_stm32h743xx.o(.text)
    HRTIM1_TIME_IRQHandler                   0x08000413   Thumb Code     0  startup_stm32h743xx.o(.text)
    HSEM1_IRQHandler                         0x08000413   Thumb Code     0  startup_stm32h743xx.o(.text)
    I2C1_ER_IRQHandler                       0x08000413   Thumb Code     0  startup_stm32h743xx.o(.text)
    I2C1_EV_IRQHandler                       0x08000413   Thumb Code     0  startup_stm32h743xx.o(.text)
    I2C2_ER_IRQHandler                       0x08000413   Thumb Code     0  startup_stm32h743xx.o(.text)
    I2C2_EV_IRQHandler                       0x08000413   Thumb Code     0  startup_stm32h743xx.o(.text)
    I2C3_ER_IRQHandler                       0x08000413   Thumb Code     0  startup_stm32h743xx.o(.text)
    I2C3_EV_IRQHandler                       0x08000413   Thumb Code     0  startup_stm32h743xx.o(.text)
    I2C4_ER_IRQHandler                       0x08000413   Thumb Code     0  startup_stm32h743xx.o(.text)
    I2C4_EV_IRQHandler                       0x08000413   Thumb Code     0  startup_stm32h743xx.o(.text)
    JPEG_IRQHandler                          0x08000413   Thumb Code     0  startup_stm32h743xx.o(.text)
    LPTIM1_IRQHandler                        0x08000413   Thumb Code     0  startup_stm32h743xx.o(.text)
    LPTIM2_IRQHandler                        0x08000413   Thumb Code     0  startup_stm32h743xx.o(.text)
    LPTIM3_IRQHandler                        0x08000413   Thumb Code     0  startup_stm32h743xx.o(.text)
    LPTIM4_IRQHandler                        0x08000413   Thumb Code     0  startup_stm32h743xx.o(.text)
    LPTIM5_IRQHandler                        0x08000413   Thumb Code     0  startup_stm32h743xx.o(.text)
    LPUART1_IRQHandler                       0x08000413   Thumb Code     0  startup_stm32h743xx.o(.text)
    LTDC_ER_IRQHandler                       0x08000413   Thumb Code     0  startup_stm32h743xx.o(.text)
    LTDC_IRQHandler                          0x08000413   Thumb Code     0  startup_stm32h743xx.o(.text)
    MDIOS_IRQHandler                         0x08000413   Thumb Code     0  startup_stm32h743xx.o(.text)
    MDIOS_WKUP_IRQHandler                    0x08000413   Thumb Code     0  startup_stm32h743xx.o(.text)
    MDMA_IRQHandler                          0x08000413   Thumb Code     0  startup_stm32h743xx.o(.text)
    OTG_FS_EP1_IN_IRQHandler                 0x08000413   Thumb Code     0  startup_stm32h743xx.o(.text)
    OTG_FS_EP1_OUT_IRQHandler                0x08000413   Thumb Code     0  startup_stm32h743xx.o(.text)
    OTG_FS_IRQHandler                        0x08000413   Thumb Code     0  startup_stm32h743xx.o(.text)
    OTG_FS_WKUP_IRQHandler                   0x08000413   Thumb Code     0  startup_stm32h743xx.o(.text)
    OTG_HS_EP1_IN_IRQHandler                 0x08000413   Thumb Code     0  startup_stm32h743xx.o(.text)
    OTG_HS_EP1_OUT_IRQHandler                0x08000413   Thumb Code     0  startup_stm32h743xx.o(.text)
    OTG_HS_IRQHandler                        0x08000413   Thumb Code     0  startup_stm32h743xx.o(.text)
    OTG_HS_WKUP_IRQHandler                   0x08000413   Thumb Code     0  startup_stm32h743xx.o(.text)
    PVD_AVD_IRQHandler                       0x08000413   Thumb Code     0  startup_stm32h743xx.o(.text)
    QUADSPI_IRQHandler                       0x08000413   Thumb Code     0  startup_stm32h743xx.o(.text)
    RCC_IRQHandler                           0x08000413   Thumb Code     0  startup_stm32h743xx.o(.text)
    RNG_IRQHandler                           0x08000413   Thumb Code     0  startup_stm32h743xx.o(.text)
    RTC_Alarm_IRQHandler                     0x08000413   Thumb Code     0  startup_stm32h743xx.o(.text)
    RTC_WKUP_IRQHandler                      0x08000413   Thumb Code     0  startup_stm32h743xx.o(.text)
    SAI1_IRQHandler                          0x08000413   Thumb Code     0  startup_stm32h743xx.o(.text)
    SAI2_IRQHandler                          0x08000413   Thumb Code     0  startup_stm32h743xx.o(.text)
    SAI3_IRQHandler                          0x08000413   Thumb Code     0  startup_stm32h743xx.o(.text)
    SAI4_IRQHandler                          0x08000413   Thumb Code     0  startup_stm32h743xx.o(.text)
    SDMMC1_IRQHandler                        0x08000413   Thumb Code     0  startup_stm32h743xx.o(.text)
    SDMMC2_IRQHandler                        0x08000413   Thumb Code     0  startup_stm32h743xx.o(.text)
    SPDIF_RX_IRQHandler                      0x08000413   Thumb Code     0  startup_stm32h743xx.o(.text)
    SPI1_IRQHandler                          0x08000413   Thumb Code     0  startup_stm32h743xx.o(.text)
    SPI2_IRQHandler                          0x08000413   Thumb Code     0  startup_stm32h743xx.o(.text)
    SPI3_IRQHandler                          0x08000413   Thumb Code     0  startup_stm32h743xx.o(.text)
    SPI4_IRQHandler                          0x08000413   Thumb Code     0  startup_stm32h743xx.o(.text)
    SPI5_IRQHandler                          0x08000413   Thumb Code     0  startup_stm32h743xx.o(.text)
    SPI6_IRQHandler                          0x08000413   Thumb Code     0  startup_stm32h743xx.o(.text)
    SWPMI1_IRQHandler                        0x08000413   Thumb Code     0  startup_stm32h743xx.o(.text)
    TAMP_STAMP_IRQHandler                    0x08000413   Thumb Code     0  startup_stm32h743xx.o(.text)
    TIM15_IRQHandler                         0x08000413   Thumb Code     0  startup_stm32h743xx.o(.text)
    TIM16_IRQHandler                         0x08000413   Thumb Code     0  startup_stm32h743xx.o(.text)
    TIM17_IRQHandler                         0x08000413   Thumb Code     0  startup_stm32h743xx.o(.text)
    TIM1_BRK_IRQHandler                      0x08000413   Thumb Code     0  startup_stm32h743xx.o(.text)
    TIM1_CC_IRQHandler                       0x08000413   Thumb Code     0  startup_stm32h743xx.o(.text)
    TIM1_TRG_COM_IRQHandler                  0x08000413   Thumb Code     0  startup_stm32h743xx.o(.text)
    TIM1_UP_IRQHandler                       0x08000413   Thumb Code     0  startup_stm32h743xx.o(.text)
    TIM3_IRQHandler                          0x08000413   Thumb Code     0  startup_stm32h743xx.o(.text)
    TIM4_IRQHandler                          0x08000413   Thumb Code     0  startup_stm32h743xx.o(.text)
    TIM5_IRQHandler                          0x08000413   Thumb Code     0  startup_stm32h743xx.o(.text)
    TIM6_DAC_IRQHandler                      0x08000413   Thumb Code     0  startup_stm32h743xx.o(.text)
    TIM7_IRQHandler                          0x08000413   Thumb Code     0  startup_stm32h743xx.o(.text)
    TIM8_BRK_TIM12_IRQHandler                0x08000413   Thumb Code     0  startup_stm32h743xx.o(.text)
    TIM8_CC_IRQHandler                       0x08000413   Thumb Code     0  startup_stm32h743xx.o(.text)
    TIM8_TRG_COM_TIM14_IRQHandler            0x08000413   Thumb Code     0  startup_stm32h743xx.o(.text)
    TIM8_UP_TIM13_IRQHandler                 0x08000413   Thumb Code     0  startup_stm32h743xx.o(.text)
    UART4_IRQHandler                         0x08000413   Thumb Code     0  startup_stm32h743xx.o(.text)
    UART5_IRQHandler                         0x08000413   Thumb Code     0  startup_stm32h743xx.o(.text)
    UART7_IRQHandler                         0x08000413   Thumb Code     0  startup_stm32h743xx.o(.text)
    UART8_IRQHandler                         0x08000413   Thumb Code     0  startup_stm32h743xx.o(.text)
    USART1_IRQHandler                        0x08000413   Thumb Code     0  startup_stm32h743xx.o(.text)
    USART2_IRQHandler                        0x08000413   Thumb Code     0  startup_stm32h743xx.o(.text)
    USART3_IRQHandler                        0x08000413   Thumb Code     0  startup_stm32h743xx.o(.text)
    USART6_IRQHandler                        0x08000413   Thumb Code     0  startup_stm32h743xx.o(.text)
    WAKEUP_PIN_IRQHandler                    0x08000413   Thumb Code     0  startup_stm32h743xx.o(.text)
    WWDG_IRQHandler                          0x08000413   Thumb Code     0  startup_stm32h743xx.o(.text)
    __user_initial_stackheap                 0x08000415   Thumb Code     0  startup_stm32h743xx.o(.text)
    __aeabi_memcpy                           0x08000439   Thumb Code     0  rt_memcpy_v6.o(.text)
    __rt_memcpy                              0x08000439   Thumb Code   138  rt_memcpy_v6.o(.text)
    _memcpy_lastbytes                        0x0800049f   Thumb Code     0  rt_memcpy_v6.o(.text)
    __aeabi_memcpy4                          0x080004c3   Thumb Code     0  rt_memcpy_w.o(.text)
    __aeabi_memcpy8                          0x080004c3   Thumb Code     0  rt_memcpy_w.o(.text)
    __rt_memcpy_w                            0x080004c3   Thumb Code   100  rt_memcpy_w.o(.text)
    _memcpy_lastbytes_aligned                0x0800050b   Thumb Code     0  rt_memcpy_w.o(.text)
    __aeabi_memset                           0x08000527   Thumb Code    16  aeabi_memset.o(.text)
    __aeabi_memclr4                          0x08000537   Thumb Code     0  rt_memclr_w.o(.text)
    __aeabi_memclr8                          0x08000537   Thumb Code     0  rt_memclr_w.o(.text)
    __rt_memclr_w                            0x08000537   Thumb Code    78  rt_memclr_w.o(.text)
    _memset_w                                0x0800053b   Thumb Code     0  rt_memclr_w.o(.text)
    __use_two_region_memory                  0x08000585   Thumb Code     2  heapauxi.o(.text)
    __rt_heap_escrow$2region                 0x08000587   Thumb Code     2  heapauxi.o(.text)
    __rt_heap_expand$2region                 0x08000589   Thumb Code     2  heapauxi.o(.text)
    __aeabi_memclr                           0x0800058b   Thumb Code     0  rt_memclr.o(.text)
    __rt_memclr                              0x0800058b   Thumb Code    68  rt_memclr.o(.text)
    _memset                                  0x0800058f   Thumb Code     0  rt_memclr.o(.text)
    __user_setup_stackheap                   0x080005cf   Thumb Code    74  sys_stackheap_outer.o(.text)
    exit                                     0x08000619   Thumb Code    18  exit.o(.text)
    __user_libspace                          0x0800062d   Thumb Code     8  libspace.o(.text)
    __user_perproc_libspace                  0x0800062d   Thumb Code     0  libspace.o(.text)
    __user_perthread_libspace                0x0800062d   Thumb Code     0  libspace.o(.text)
    _sys_exit                                0x08000635   Thumb Code     8  sys_exit.o(.text)
    __I$use$semihosting                      0x08000641   Thumb Code     0  use_no_semi.o(.text)
    __use_no_semihosting_swi                 0x08000641   Thumb Code     2  use_no_semi.o(.text)
    BusFault_Handler                         0x08000643   Thumb Code     2  stm32h7xx_it.o(i.BusFault_Handler)
    __semihosting_library_function           0x08000643   Thumb Code     0  indicate_semi.o(.text)
    DebugMon_Handler                         0x08000645   Thumb Code     2  stm32h7xx_it.o(i.DebugMon_Handler)
    Error_Handler                            0x08000647   Thumb Code     4  main.o(i.Error_Handler)
    HAL_Delay                                0x0800064d   Thumb Code    32  stm32h7xx_hal.o(i.HAL_Delay)
    HAL_GPIO_Init                            0x08000671   Thumb Code   510  stm32h7xx_hal_gpio.o(i.HAL_GPIO_Init)
    HAL_GPIO_WritePin                        0x080008a1   Thumb Code    10  stm32h7xx_hal_gpio.o(i.HAL_GPIO_WritePin)
    HAL_GetREVID                             0x080008ad   Thumb Code     8  stm32h7xx_hal.o(i.HAL_GetREVID)
    HAL_GetTick                              0x080008b9   Thumb Code     6  stm32h7xx_hal.o(i.HAL_GetTick)
    HAL_HCD_Init                             0x080008c5   Thumb Code   114  stm32h7xx_hal_hcd.o(i.HAL_HCD_Init)
    HAL_HCD_MspInit                          0x08000939   Thumb Code    92  usb_otg.o(i.HAL_HCD_MspInit)
    HAL_IncTick                              0x080009a1   Thumb Code    12  stm32h7xx_hal.o(i.HAL_IncTick)
    HAL_Init                                 0x080009b1   Thumb Code    74  stm32h7xx_hal.o(i.HAL_Init)
    HAL_InitTick                             0x08000a0d   Thumb Code   122  stm32h7xx_hal_timebase_tim.o(i.HAL_InitTick)
    HAL_MspInit                              0x08000a99   Thumb Code    32  stm32h7xx_hal_msp.o(i.HAL_MspInit)
    HAL_NVIC_EnableIRQ                       0x08000abd   Thumb Code    26  stm32h7xx_hal_cortex.o(i.HAL_NVIC_EnableIRQ)
    HAL_NVIC_SetPriority                     0x08000ad9   Thumb Code    60  stm32h7xx_hal_cortex.o(i.HAL_NVIC_SetPriority)
    HAL_NVIC_SetPriorityGrouping             0x08000b19   Thumb Code    28  stm32h7xx_hal_cortex.o(i.HAL_NVIC_SetPriorityGrouping)
    HAL_PWREx_ConfigSupply                   0x08000b3d   Thumb Code    78  stm32h7xx_hal_pwr_ex.o(i.HAL_PWREx_ConfigSupply)
    HAL_PWREx_EnableUSBVoltageDetector       0x08000b91   Thumb Code    12  stm32h7xx_hal_pwr_ex.o(i.HAL_PWREx_EnableUSBVoltageDetector)
    HAL_QSPI_Init                            0x08000ba1   Thumb Code   162  stm32h7xx_hal_qspi.o(i.HAL_QSPI_Init)
    HAL_QSPI_MspInit                         0x08000c4d   Thumb Code   186  quadspi.o(i.HAL_QSPI_MspInit)
    HAL_RCCEx_GetD3PCLK1Freq                 0x08000d1d   Thumb Code    26  stm32h7xx_hal_rcc_ex.o(i.HAL_RCCEx_GetD3PCLK1Freq)
    HAL_RCCEx_GetPLL1ClockFreq               0x08000d41   Thumb Code   296  stm32h7xx_hal_rcc_ex.o(i.HAL_RCCEx_GetPLL1ClockFreq)
    HAL_RCCEx_GetPLL2ClockFreq               0x08000e85   Thumb Code   296  stm32h7xx_hal_rcc_ex.o(i.HAL_RCCEx_GetPLL2ClockFreq)
    HAL_RCCEx_GetPLL3ClockFreq               0x08000fc9   Thumb Code   296  stm32h7xx_hal_rcc_ex.o(i.HAL_RCCEx_GetPLL3ClockFreq)
    HAL_RCCEx_GetPeriphCLKFreq               0x0800110d   Thumb Code   454  stm32h7xx_hal_rcc_ex.o(i.HAL_RCCEx_GetPeriphCLKFreq)
    HAL_RCCEx_PeriphCLKConfig                0x080012e9   Thumb Code  2234  stm32h7xx_hal_rcc_ex.o(i.HAL_RCCEx_PeriphCLKConfig)
    HAL_RCC_ClockConfig                      0x08001ba5   Thumb Code   580  stm32h7xx_hal_rcc.o(i.HAL_RCC_ClockConfig)
    HAL_RCC_GetClockConfig                   0x08001e01   Thumb Code    84  stm32h7xx_hal_rcc.o(i.HAL_RCC_GetClockConfig)
    HAL_RCC_GetHCLKFreq                      0x08001e5d   Thumb Code    52  stm32h7xx_hal_rcc.o(i.HAL_RCC_GetHCLKFreq)
    HAL_RCC_GetPCLK1Freq                     0x08001ea1   Thumb Code    26  stm32h7xx_hal_rcc.o(i.HAL_RCC_GetPCLK1Freq)
    HAL_RCC_GetSysClockFreq                  0x08001ec5   Thumb Code   278  stm32h7xx_hal_rcc.o(i.HAL_RCC_GetSysClockFreq)
    HAL_RCC_OscConfig                        0x08001ffd   Thumb Code  1282  stm32h7xx_hal_rcc.o(i.HAL_RCC_OscConfig)
    HAL_SD_ConfigWideBusOperation            0x08002505   Thumb Code   300  stm32h7xx_hal_sd.o(i.HAL_SD_ConfigWideBusOperation)
    HAL_SD_DriveTransceiver_1_8V_Callback    0x08002635   Thumb Code     2  stm32h7xx_hal_sd.o(i.HAL_SD_DriveTransceiver_1_8V_Callback)
    HAL_SD_GetCardCSD                        0x08002639   Thumb Code   440  stm32h7xx_hal_sd.o(i.HAL_SD_GetCardCSD)
    HAL_SD_GetCardState                      0x080027f5   Thumb Code    44  stm32h7xx_hal_sd.o(i.HAL_SD_GetCardState)
    HAL_SD_GetCardStatus                     0x08002821   Thumb Code   186  stm32h7xx_hal_sd.o(i.HAL_SD_GetCardStatus)
    HAL_SD_Init                              0x080028e1   Thumb Code   162  stm32h7xx_hal_sd.o(i.HAL_SD_Init)
    HAL_SD_InitCard                          0x08002985   Thumb Code   156  stm32h7xx_hal_sd.o(i.HAL_SD_InitCard)
    HAL_SD_MspInit                           0x08002a2d   Thumb Code   118  sdmmc.o(i.HAL_SD_MspInit)
    HAL_SPI_Init                             0x08002ab5   Thumb Code   308  stm32h7xx_hal_spi.o(i.HAL_SPI_Init)
    HAL_SPI_MspInit                          0x08002bf5   Thumb Code   180  spi.o(i.HAL_SPI_MspInit)
    HAL_TIMEx_Break2Callback                 0x08002cc1   Thumb Code     2  stm32h7xx_hal_tim_ex.o(i.HAL_TIMEx_Break2Callback)
    HAL_TIMEx_BreakCallback                  0x08002cc3   Thumb Code     2  stm32h7xx_hal_tim_ex.o(i.HAL_TIMEx_BreakCallback)
    HAL_TIMEx_CommutCallback                 0x08002cc5   Thumb Code     2  stm32h7xx_hal_tim_ex.o(i.HAL_TIMEx_CommutCallback)
    HAL_TIMEx_ConfigBreakDeadTime            0x08002cc9   Thumb Code   150  stm32h7xx_hal_tim_ex.o(i.HAL_TIMEx_ConfigBreakDeadTime)
    HAL_TIMEx_MasterConfigSynchronization    0x08002d69   Thumb Code   128  stm32h7xx_hal_tim_ex.o(i.HAL_TIMEx_MasterConfigSynchronization)
    HAL_TIM_Base_Init                        0x08002e01   Thumb Code    98  stm32h7xx_hal_tim.o(i.HAL_TIM_Base_Init)
    HAL_TIM_Base_MspInit                     0x08002e63   Thumb Code     2  stm32h7xx_hal_tim.o(i.HAL_TIM_Base_MspInit)
    HAL_TIM_Base_Start_IT                    0x08002e65   Thumb Code    58  stm32h7xx_hal_tim.o(i.HAL_TIM_Base_Start_IT)
    HAL_TIM_IC_CaptureCallback               0x08002ea5   Thumb Code     2  stm32h7xx_hal_tim.o(i.HAL_TIM_IC_CaptureCallback)
    HAL_TIM_IRQHandler                       0x08002ea7   Thumb Code   386  stm32h7xx_hal_tim.o(i.HAL_TIM_IRQHandler)
    HAL_TIM_MspPostInit                      0x08003029   Thumb Code    72  tim.o(i.HAL_TIM_MspPostInit)
    HAL_TIM_OC_DelayElapsedCallback          0x0800307d   Thumb Code     2  stm32h7xx_hal_tim.o(i.HAL_TIM_OC_DelayElapsedCallback)
    HAL_TIM_PWM_ConfigChannel                0x0800307f   Thumb Code   286  stm32h7xx_hal_tim.o(i.HAL_TIM_PWM_ConfigChannel)
    HAL_TIM_PWM_Init                         0x0800319d   Thumb Code    98  stm32h7xx_hal_tim.o(i.HAL_TIM_PWM_Init)
    HAL_TIM_PWM_MspInit                      0x08003201   Thumb Code    30  tim.o(i.HAL_TIM_PWM_MspInit)
    HAL_TIM_PWM_PulseFinishedCallback        0x08003229   Thumb Code     2  stm32h7xx_hal_tim.o(i.HAL_TIM_PWM_PulseFinishedCallback)
    HAL_TIM_PeriodElapsedCallback            0x0800322b   Thumb Code    14  main.o(i.HAL_TIM_PeriodElapsedCallback)
    HAL_TIM_TriggerCallback                  0x08003239   Thumb Code     2  stm32h7xx_hal_tim.o(i.HAL_TIM_TriggerCallback)
    HardFault_Handler                        0x0800323b   Thumb Code     2  stm32h7xx_it.o(i.HardFault_Handler)
    MX_FREERTOS_Init                         0x0800323d   Thumb Code    18  freertos.o(i.MX_FREERTOS_Init)
    MX_GPIO_Init                             0x0800325d   Thumb Code   232  gpio.o(i.MX_GPIO_Init)
    MX_QUADSPI_Init                          0x08003355   Thumb Code    48  quadspi.o(i.MX_QUADSPI_Init)
    MX_SDMMC1_SD_Init                        0x0800338d   Thumb Code    46  sdmmc.o(i.MX_SDMMC1_SD_Init)
    MX_SPI1_Init                             0x080033c5   Thumb Code    82  spi.o(i.MX_SPI1_Init)
    MX_SPI4_Init                             0x08003421   Thumb Code    88  spi.o(i.MX_SPI4_Init)
    MX_TIM1_Init                             0x08003481   Thumb Code   164  tim.o(i.MX_TIM1_Init)
    MX_USB_OTG_FS_HCD_Init                   0x0800352d   Thumb Code    44  usb_otg.o(i.MX_USB_OTG_FS_HCD_Init)
    MemManage_Handler                        0x08003561   Thumb Code     2  stm32h7xx_it.o(i.MemManage_Handler)
    NMI_Handler                              0x08003563   Thumb Code     2  stm32h7xx_it.o(i.NMI_Handler)
    SDMMC_CmdAppCommand                      0x080037ed   Thumb Code    52  stm32h7xx_ll_sdmmc.o(i.SDMMC_CmdAppCommand)
    SDMMC_CmdAppOperCommand                  0x08003821   Thumb Code    46  stm32h7xx_ll_sdmmc.o(i.SDMMC_CmdAppOperCommand)
    SDMMC_CmdBlockLength                     0x0800384f   Thumb Code    50  stm32h7xx_ll_sdmmc.o(i.SDMMC_CmdBlockLength)
    SDMMC_CmdBusWidth                        0x08003881   Thumb Code    52  stm32h7xx_ll_sdmmc.o(i.SDMMC_CmdBusWidth)
    SDMMC_CmdGoIdleState                     0x080038b5   Thumb Code    74  stm32h7xx_ll_sdmmc.o(i.SDMMC_CmdGoIdleState)
    SDMMC_CmdOperCond                        0x08003909   Thumb Code   110  stm32h7xx_ll_sdmmc.o(i.SDMMC_CmdOperCond)
    SDMMC_CmdSelDesel                        0x0800397d   Thumb Code    50  stm32h7xx_ll_sdmmc.o(i.SDMMC_CmdSelDesel)
    SDMMC_CmdSendCID                         0x080039af   Thumb Code    44  stm32h7xx_ll_sdmmc.o(i.SDMMC_CmdSendCID)
    SDMMC_CmdSendCSD                         0x080039db   Thumb Code    48  stm32h7xx_ll_sdmmc.o(i.SDMMC_CmdSendCSD)
    SDMMC_CmdSendSCR                         0x08003a0b   Thumb Code    50  stm32h7xx_ll_sdmmc.o(i.SDMMC_CmdSendSCR)
    SDMMC_CmdSendStatus                      0x08003a3d   Thumb Code    52  stm32h7xx_ll_sdmmc.o(i.SDMMC_CmdSendStatus)
    SDMMC_CmdSetRelAdd                       0x08003a71   Thumb Code    50  stm32h7xx_ll_sdmmc.o(i.SDMMC_CmdSetRelAdd)
    SDMMC_CmdStatusRegister                  0x08003aa3   Thumb Code    50  stm32h7xx_ll_sdmmc.o(i.SDMMC_CmdStatusRegister)
    SDMMC_CmdVoltageSwitch                   0x08003ad5   Thumb Code    50  stm32h7xx_ll_sdmmc.o(i.SDMMC_CmdVoltageSwitch)
    SDMMC_ConfigData                         0x08003b07   Thumb Code    38  stm32h7xx_ll_sdmmc.o(i.SDMMC_ConfigData)
    SDMMC_GetPowerState                      0x08003d79   Thumb Code     8  stm32h7xx_ll_sdmmc.o(i.SDMMC_GetPowerState)
    SDMMC_GetResponse                        0x08003d81   Thumb Code     6  stm32h7xx_ll_sdmmc.o(i.SDMMC_GetResponse)
    SDMMC_Init                               0x08003d89   Thumb Code    28  stm32h7xx_ll_sdmmc.o(i.SDMMC_Init)
    SDMMC_PowerState_ON                      0x08003da9   Thumb Code    12  stm32h7xx_ll_sdmmc.o(i.SDMMC_PowerState_ON)
    SDMMC_ReadFIFO                           0x08003db5   Thumb Code     6  stm32h7xx_ll_sdmmc.o(i.SDMMC_ReadFIFO)
    SDMMC_SendCommand                        0x08003dbd   Thumb Code    34  stm32h7xx_ll_sdmmc.o(i.SDMMC_SendCommand)
    StartDefaultTask                         0x080041c5   Thumb Code     8  freertos.o(i.StartDefaultTask)
    SysTick_Handler                          0x080041cd   Thumb Code    38  port.o(i.SysTick_Handler)
    SystemClock_Config                       0x080041f9   Thumb Code   202  main.o(i.SystemClock_Config)
    SystemInit                               0x080042d1   Thumb Code   188  system_stm32h7xx.o(i.SystemInit)
    TIM2_IRQHandler                          0x080043b5   Thumb Code     6  stm32h7xx_it.o(i.TIM2_IRQHandler)
    TIM_Base_SetConfig                       0x080043c1   Thumb Code   162  stm32h7xx_hal_tim.o(i.TIM_Base_SetConfig)
    TIM_OC2_SetConfig                        0x0800452d   Thumb Code   126  stm32h7xx_hal_tim.o(i.TIM_OC2_SetConfig)
    USB_CoreInit                             0x08004795   Thumb Code   114  stm32h7xx_ll_usb.o(i.USB_CoreInit)
    USB_DisableGlobalInt                     0x08004845   Thumb Code    12  stm32h7xx_ll_usb.o(i.USB_DisableGlobalInt)
    USB_DriveVbus                            0x08004851   Thumb Code    44  stm32h7xx_ll_usb.o(i.USB_DriveVbus)
    USB_FlushRxFifo                          0x0800487d   Thumb Code    28  stm32h7xx_ll_usb.o(i.USB_FlushRxFifo)
    USB_FlushTxFifo                          0x0800489d   Thumb Code    32  stm32h7xx_ll_usb.o(i.USB_FlushTxFifo)
    USB_HostInit                             0x080048c1   Thumb Code   182  stm32h7xx_ll_usb.o(i.USB_HostInit)
    USB_SetCurrentMode                       0x0800498d   Thumb Code    46  stm32h7xx_ll_usb.o(i.USB_SetCurrentMode)
    UsageFault_Handler                       0x080049bb   Thumb Code     2  stm32h7xx_it.o(i.UsageFault_Handler)
    main                                     0x080049df   Thumb Code    50  main.o(i.main)
    osDelay                                  0x08004a11   Thumb Code    48  cmsis_os2.o(i.osDelay)
    osKernelInitialize                       0x08004a45   Thumb Code    50  cmsis_os2.o(i.osKernelInitialize)
    osKernelStart                            0x08004a7d   Thumb Code    58  cmsis_os2.o(i.osKernelStart)
    osThreadNew                              0x08004abd   Thumb Code   164  cmsis_os2.o(i.osThreadNew)
    pvPortMalloc                             0x080052fd   Thumb Code   210  heap_4.o(i.pvPortMalloc)
    pxPortInitialiseStack                    0x080053d5   Thumb Code    42  port.o(i.pxPortInitialiseStack)
    uxListRemove                             0x08005405   Thumb Code    38  list.o(i.uxListRemove)
    vApplicationGetIdleTaskMemory            0x0800542d   Thumb Code    18  cmsis_os2.o(i.vApplicationGetIdleTaskMemory)
    vApplicationGetTimerTaskMemory           0x08005445   Thumb Code    20  cmsis_os2.o(i.vApplicationGetTimerTaskMemory)
    vListInitialise                          0x0800545d   Thumb Code    22  list.o(i.vListInitialise)
    vListInitialiseItem                      0x08005473   Thumb Code     6  list.o(i.vListInitialiseItem)
    vListInsert                              0x08005479   Thumb Code    48  list.o(i.vListInsert)
    vListInsertEnd                           0x080054a9   Thumb Code    24  list.o(i.vListInsertEnd)
    vPortEnterCritical                       0x080054c1   Thumb Code    54  port.o(i.vPortEnterCritical)
    vPortExitCritical                        0x08005501   Thumb Code    34  port.o(i.vPortExitCritical)
    vPortFree                                0x08005529   Thumb Code    88  heap_4.o(i.vPortFree)
    vPortSetupTimerInterrupt                 0x08005585   Thumb Code    32  port.o(i.vPortSetupTimerInterrupt)
    vPortValidateInterruptPriority           0x080055a9   Thumb Code    74  port.o(i.vPortValidateInterruptPriority)
    vQueueAddToRegistry                      0x080055fd   Thumb Code    34  queue.o(i.vQueueAddToRegistry)
    vQueueWaitForMessageRestricted           0x08005625   Thumb Code    68  queue.o(i.vQueueWaitForMessageRestricted)
    vTaskDelay                               0x08005669   Thumb Code    66  tasks.o(i.vTaskDelay)
    vTaskInternalSetTimeOutState             0x080056b5   Thumb Code    12  tasks.o(i.vTaskInternalSetTimeOutState)
    vTaskMissedYield                         0x080056c5   Thumb Code     8  tasks.o(i.vTaskMissedYield)
    vTaskPlaceOnEventList                    0x080056d1   Thumb Code    44  tasks.o(i.vTaskPlaceOnEventList)
    vTaskPlaceOnEventListRestricted          0x08005701   Thumb Code    52  tasks.o(i.vTaskPlaceOnEventListRestricted)
    vTaskStartScheduler                      0x08005739   Thumb Code   118  tasks.o(i.vTaskStartScheduler)
    vTaskSuspendAll                          0x080057c1   Thumb Code    10  tasks.o(i.vTaskSuspendAll)
    vTaskSwitchContext                       0x080057d1   Thumb Code    90  tasks.o(i.vTaskSwitchContext)
    xPortStartScheduler                      0x08005835   Thumb Code   222  port.o(i.xPortStartScheduler)
    xQueueGenericCreateStatic                0x08005929   Thumb Code   102  queue.o(i.xQueueGenericCreateStatic)
    xQueueGenericReset                       0x08005991   Thumb Code   144  queue.o(i.xQueueGenericReset)
    xQueueGenericSend                        0x08005a25   Thumb Code   346  queue.o(i.xQueueGenericSend)
    xQueueGenericSendFromISR                 0x08005b85   Thumb Code   188  queue.o(i.xQueueGenericSendFromISR)
    xQueueReceive                            0x08005c41   Thumb Code   310  queue.o(i.xQueueReceive)
    xTaskCheckForTimeOut                     0x08005d7d   Thumb Code   116  tasks.o(i.xTaskCheckForTimeOut)
    xTaskCreate                              0x08005df5   Thumb Code    90  tasks.o(i.xTaskCreate)
    xTaskCreateStatic                        0x08005e4f   Thumb Code    86  tasks.o(i.xTaskCreateStatic)
    xTaskGetSchedulerState                   0x08005ea5   Thumb Code    22  tasks.o(i.xTaskGetSchedulerState)
    xTaskGetTickCount                        0x08005ec1   Thumb Code     6  tasks.o(i.xTaskGetTickCount)
    xTaskIncrementTick                       0x08005ecd   Thumb Code   190  tasks.o(i.xTaskIncrementTick)
    xTaskPriorityDisinherit                  0x08005f95   Thumb Code   116  tasks.o(i.xTaskPriorityDisinherit)
    xTaskRemoveFromEventList                 0x08006011   Thumb Code   100  tasks.o(i.xTaskRemoveFromEventList)
    xTaskResumeAll                           0x08006081   Thumb Code   184  tasks.o(i.xTaskResumeAll)
    xTimerCreateTimerTask                    0x08006145   Thumb Code    78  timers.o(i.xTimerCreateTimerTask)
    xTimerGenericCommand                     0x080061a5   Thumb Code    98  timers.o(i.xTimerGenericCommand)
    _fp_init                                 0x0800620d   Thumb Code    10  fpinit.o(x$fpl$fpinit)
    __fplib_config_fpu_vfp                   0x08006215   Thumb Code     0  fpinit.o(x$fpl$fpinit)
    __fplib_config_pureend_doubles           0x08006215   Thumb Code     0  fpinit.o(x$fpl$fpinit)
    defaultTask_attributes                   0x08006218   Data          36  freertos.o(.constdata)
    D1CorePrescTable                         0x0800623c   Data          16  system_stm32h7xx.o(.constdata)
    Region$$Table$$Base                      0x08006258   Number         0  anon$$obj.o(Region$$Table)
    Region$$Table$$Limit                     0x08006278   Number         0  anon$$obj.o(Region$$Table)
    defaultTaskHandle                        0x24000000   Data           4  freertos.o(.data)
    uwTickFreq                               0x24000004   Data           1  stm32h7xx_hal.o(.data)
    uwTickPrio                               0x24000008   Data           4  stm32h7xx_hal.o(.data)
    uwTick                                   0x2400000c   Data           4  stm32h7xx_hal.o(.data)
    SystemCoreClock                          0x24000010   Data           4  system_stm32h7xx.o(.data)
    SystemD2Clock                            0x24000014   Data           4  system_stm32h7xx.o(.data)
    pxCurrentTCB                             0x24000018   Data           4  tasks.o(.data)
    hqspi                                    0x24000090   Data          76  quadspi.o(.bss)
    hsd1                                     0x240000dc   Data         128  sdmmc.o(.bss)
    hspi1                                    0x2400015c   Data         136  spi.o(.bss)
    hspi4                                    0x240001e4   Data         136  spi.o(.bss)
    htim1                                    0x2400026c   Data          76  tim.o(.bss)
    hhcd_USB_OTG_FS                          0x240002b8   Data         708  usb_otg.o(.bss)
    htim2                                    0x2400057c   Data          76  stm32h7xx_hal_timebase_tim.o(.bss)
    xQueueRegistry                           0x240005c8   Data          64  queue.o(.bss)
    __libspace_start                         0x24004e9c   Data          96  libspace.o(.bss)
    __temporary_stack_top$libspace           0x24004efc   Data           0  libspace.o(.bss)



==============================================================================

Memory Map of the image

  Image Entry point : 0x08000299

  Load Region LR_IROM1 (Base: 0x08000000, Size: 0x00006308, Max: 0x00200000, ABSOLUTE)

    Execution Region ER_IROM1 (Exec base: 0x08000000, Load base: 0x08000000, Size: 0x00006278, Max: 0x00200000, ABSOLUTE)

    Exec Addr    Load Addr    Size         Type   Attr      Idx    E Section Name        Object

    0x08000000   0x08000000   0x00000298   Data   RO            3    RESET               startup_stm32h743xx.o
    0x08000298   0x08000298   0x00000008   Code   RO         7430  * !!!main             c_w.l(__main.o)
    0x080002a0   0x080002a0   0x00000034   Code   RO         7589    !!!scatter          c_w.l(__scatter.o)
    0x080002d4   0x080002d4   0x0000001a   Code   RO         7591    !!handler_copy      c_w.l(__scatter_copy.o)
    0x080002ee   0x080002ee   0x00000002   PAD
    0x080002f0   0x080002f0   0x0000001c   Code   RO         7593    !!handler_zi        c_w.l(__scatter_zi.o)
    0x0800030c   0x0800030c   0x00000002   Code   RO         7459    .ARM.Collect$$libinit$$00000000  c_w.l(libinit.o)
    0x0800030e   0x0800030e   0x00000004   Code   RO         7465    .ARM.Collect$$libinit$$00000001  c_w.l(libinit2.o)
    0x08000312   0x08000312   0x00000000   Code   RO         7468    .ARM.Collect$$libinit$$00000004  c_w.l(libinit2.o)
    0x08000312   0x08000312   0x00000000   Code   RO         7471    .ARM.Collect$$libinit$$0000000A  c_w.l(libinit2.o)
    0x08000312   0x08000312   0x00000000   Code   RO         7473    .ARM.Collect$$libinit$$0000000C  c_w.l(libinit2.o)
    0x08000312   0x08000312   0x00000000   Code   RO         7475    .ARM.Collect$$libinit$$0000000E  c_w.l(libinit2.o)
    0x08000312   0x08000312   0x00000000   Code   RO         7478    .ARM.Collect$$libinit$$00000011  c_w.l(libinit2.o)
    0x08000312   0x08000312   0x00000000   Code   RO         7480    .ARM.Collect$$libinit$$00000013  c_w.l(libinit2.o)
    0x08000312   0x08000312   0x00000000   Code   RO         7482    .ARM.Collect$$libinit$$00000015  c_w.l(libinit2.o)
    0x08000312   0x08000312   0x00000000   Code   RO         7484    .ARM.Collect$$libinit$$00000017  c_w.l(libinit2.o)
    0x08000312   0x08000312   0x00000000   Code   RO         7486    .ARM.Collect$$libinit$$00000019  c_w.l(libinit2.o)
    0x08000312   0x08000312   0x00000000   Code   RO         7488    .ARM.Collect$$libinit$$0000001B  c_w.l(libinit2.o)
    0x08000312   0x08000312   0x00000000   Code   RO         7490    .ARM.Collect$$libinit$$0000001D  c_w.l(libinit2.o)
    0x08000312   0x08000312   0x00000000   Code   RO         7492    .ARM.Collect$$libinit$$0000001F  c_w.l(libinit2.o)
    0x08000312   0x08000312   0x00000000   Code   RO         7494    .ARM.Collect$$libinit$$00000021  c_w.l(libinit2.o)
    0x08000312   0x08000312   0x00000000   Code   RO         7496    .ARM.Collect$$libinit$$00000023  c_w.l(libinit2.o)
    0x08000312   0x08000312   0x00000000   Code   RO         7498    .ARM.Collect$$libinit$$00000025  c_w.l(libinit2.o)
    0x08000312   0x08000312   0x00000000   Code   RO         7502    .ARM.Collect$$libinit$$0000002C  c_w.l(libinit2.o)
    0x08000312   0x08000312   0x00000000   Code   RO         7504    .ARM.Collect$$libinit$$0000002E  c_w.l(libinit2.o)
    0x08000312   0x08000312   0x00000000   Code   RO         7506    .ARM.Collect$$libinit$$00000030  c_w.l(libinit2.o)
    0x08000312   0x08000312   0x00000000   Code   RO         7508    .ARM.Collect$$libinit$$00000032  c_w.l(libinit2.o)
    0x08000312   0x08000312   0x00000002   Code   RO         7509    .ARM.Collect$$libinit$$00000033  c_w.l(libinit2.o)
    0x08000314   0x08000314   0x00000002   Code   RO         7529    .ARM.Collect$$libshutdown$$00000000  c_w.l(libshutdown.o)
    0x08000316   0x08000316   0x00000000   Code   RO         7542    .ARM.Collect$$libshutdown$$00000002  c_w.l(libshutdown2.o)
    0x08000316   0x08000316   0x00000000   Code   RO         7544    .ARM.Collect$$libshutdown$$00000004  c_w.l(libshutdown2.o)
    0x08000316   0x08000316   0x00000000   Code   RO         7547    .ARM.Collect$$libshutdown$$00000007  c_w.l(libshutdown2.o)
    0x08000316   0x08000316   0x00000000   Code   RO         7550    .ARM.Collect$$libshutdown$$0000000A  c_w.l(libshutdown2.o)
    0x08000316   0x08000316   0x00000000   Code   RO         7552    .ARM.Collect$$libshutdown$$0000000C  c_w.l(libshutdown2.o)
    0x08000316   0x08000316   0x00000000   Code   RO         7555    .ARM.Collect$$libshutdown$$0000000F  c_w.l(libshutdown2.o)
    0x08000316   0x08000316   0x00000002   Code   RO         7556    .ARM.Collect$$libshutdown$$00000010  c_w.l(libshutdown2.o)
    0x08000318   0x08000318   0x00000000   Code   RO         7432    .ARM.Collect$$rtentry$$00000000  c_w.l(__rtentry.o)
    0x08000318   0x08000318   0x00000000   Code   RO         7436    .ARM.Collect$$rtentry$$00000002  c_w.l(__rtentry2.o)
    0x08000318   0x08000318   0x00000006   Code   RO         7448    .ARM.Collect$$rtentry$$00000004  c_w.l(__rtentry4.o)
    0x0800031e   0x0800031e   0x00000000   Code   RO         7438    .ARM.Collect$$rtentry$$00000009  c_w.l(__rtentry2.o)
    0x0800031e   0x0800031e   0x00000004   Code   RO         7439    .ARM.Collect$$rtentry$$0000000A  c_w.l(__rtentry2.o)
    0x08000322   0x08000322   0x00000000   Code   RO         7441    .ARM.Collect$$rtentry$$0000000C  c_w.l(__rtentry2.o)
    0x08000322   0x08000322   0x00000008   Code   RO         7442    .ARM.Collect$$rtentry$$0000000D  c_w.l(__rtentry2.o)
    0x0800032a   0x0800032a   0x00000002   Code   RO         7463    .ARM.Collect$$rtexit$$00000000  c_w.l(rtexit.o)
    0x0800032c   0x0800032c   0x00000000   Code   RO         7511    .ARM.Collect$$rtexit$$00000002  c_w.l(rtexit2.o)
    0x0800032c   0x0800032c   0x00000004   Code   RO         7512    .ARM.Collect$$rtexit$$00000003  c_w.l(rtexit2.o)
    0x08000330   0x08000330   0x00000006   Code   RO         7513    .ARM.Collect$$rtexit$$00000004  c_w.l(rtexit2.o)
    0x08000336   0x08000336   0x00000002   PAD
    0x08000338   0x08000338   0x000000be   Code   RO         7339    .emb_text           port.o
    0x080003f6   0x080003f6   0x00000002   PAD
    0x080003f8   0x080003f8   0x00000040   Code   RO            4    .text               startup_stm32h743xx.o
    0x08000438   0x08000438   0x0000008a   Code   RO         7418    .text               c_w.l(rt_memcpy_v6.o)
    0x080004c2   0x080004c2   0x00000064   Code   RO         7420    .text               c_w.l(rt_memcpy_w.o)
    0x08000526   0x08000526   0x00000010   Code   RO         7424    .text               c_w.l(aeabi_memset.o)
    0x08000536   0x08000536   0x0000004e   Code   RO         7426    .text               c_w.l(rt_memclr_w.o)
    0x08000584   0x08000584   0x00000006   Code   RO         7428    .text               c_w.l(heapauxi.o)
    0x0800058a   0x0800058a   0x00000044   Code   RO         7433    .text               c_w.l(rt_memclr.o)
    0x080005ce   0x080005ce   0x0000004a   Code   RO         7450    .text               c_w.l(sys_stackheap_outer.o)
    0x08000618   0x08000618   0x00000012   Code   RO         7452    .text               c_w.l(exit.o)
    0x0800062a   0x0800062a   0x00000002   PAD
    0x0800062c   0x0800062c   0x00000008   Code   RO         7460    .text               c_w.l(libspace.o)
    0x08000634   0x08000634   0x0000000c   Code   RO         7521    .text               c_w.l(sys_exit.o)
    0x08000640   0x08000640   0x00000002   Code   RO         7532    .text               c_w.l(use_no_semi.o)
    0x08000642   0x08000642   0x00000000   Code   RO         7534    .text               c_w.l(indicate_semi.o)
    0x08000642   0x08000642   0x00000002   Code   RO          535    i.BusFault_Handler  stm32h7xx_it.o
    0x08000644   0x08000644   0x00000002   Code   RO          536    i.DebugMon_Handler  stm32h7xx_it.o
    0x08000646   0x08000646   0x00000004   Code   RO           13    i.Error_Handler     main.o
    0x0800064a   0x0800064a   0x00000002   PAD
    0x0800064c   0x0800064c   0x00000024   Code   RO         2159    i.HAL_Delay         stm32h7xx_hal.o
    0x08000670   0x08000670   0x00000230   Code   RO         1298    i.HAL_GPIO_Init     stm32h7xx_hal_gpio.o
    0x080008a0   0x080008a0   0x0000000a   Code   RO         1302    i.HAL_GPIO_WritePin  stm32h7xx_hal_gpio.o
    0x080008aa   0x080008aa   0x00000002   PAD
    0x080008ac   0x080008ac   0x0000000c   Code   RO         2174    i.HAL_GetREVID      stm32h7xx_hal.o
    0x080008b8   0x080008b8   0x0000000c   Code   RO         2175    i.HAL_GetTick       stm32h7xx_hal.o
    0x080008c4   0x080008c4   0x00000072   Code   RO         5271    i.HAL_HCD_Init      stm32h7xx_hal_hcd.o
    0x08000936   0x08000936   0x00000002   PAD
    0x08000938   0x08000938   0x00000068   Code   RO          494    i.HAL_HCD_MspInit   usb_otg.o
    0x080009a0   0x080009a0   0x00000010   Code   RO         2181    i.HAL_IncTick       stm32h7xx_hal.o
    0x080009b0   0x080009b0   0x0000005c   Code   RO         2182    i.HAL_Init          stm32h7xx_hal.o
    0x08000a0c   0x08000a0c   0x0000008c   Code   RO          623    i.HAL_InitTick      stm32h7xx_hal_timebase_tim.o
    0x08000a98   0x08000a98   0x00000024   Code   RO          599    i.HAL_MspInit       stm32h7xx_hal_msp.o
    0x08000abc   0x08000abc   0x0000001a   Code   RO          668    i.HAL_NVIC_EnableIRQ  stm32h7xx_hal_cortex.o
    0x08000ad6   0x08000ad6   0x00000002   PAD
    0x08000ad8   0x08000ad8   0x00000040   Code   RO          674    i.HAL_NVIC_SetPriority  stm32h7xx_hal_cortex.o
    0x08000b18   0x08000b18   0x00000024   Code   RO          675    i.HAL_NVIC_SetPriorityGrouping  stm32h7xx_hal_cortex.o
    0x08000b3c   0x08000b3c   0x00000054   Code   RO         1899    i.HAL_PWREx_ConfigSupply  stm32h7xx_hal_pwr_ex.o
    0x08000b90   0x08000b90   0x00000010   Code   RO         1916    i.HAL_PWREx_EnableUSBVoltageDetector  stm32h7xx_hal_pwr_ex.o
    0x08000ba0   0x08000ba0   0x000000ac   Code   RO         3091    i.HAL_QSPI_Init     stm32h7xx_hal_qspi.o
    0x08000c4c   0x08000c4c   0x000000d0   Code   RO          314    i.HAL_QSPI_MspInit  quadspi.o
    0x08000d1c   0x08000d1c   0x00000024   Code   RO          919    i.HAL_RCCEx_GetD3PCLK1Freq  stm32h7xx_hal_rcc_ex.o
    0x08000d40   0x08000d40   0x00000144   Code   RO          920    i.HAL_RCCEx_GetPLL1ClockFreq  stm32h7xx_hal_rcc_ex.o
    0x08000e84   0x08000e84   0x00000144   Code   RO          921    i.HAL_RCCEx_GetPLL2ClockFreq  stm32h7xx_hal_rcc_ex.o
    0x08000fc8   0x08000fc8   0x00000144   Code   RO          922    i.HAL_RCCEx_GetPLL3ClockFreq  stm32h7xx_hal_rcc_ex.o
    0x0800110c   0x0800110c   0x000001dc   Code   RO          924    i.HAL_RCCEx_GetPeriphCLKFreq  stm32h7xx_hal_rcc_ex.o
    0x080012e8   0x080012e8   0x000008ba   Code   RO          928    i.HAL_RCCEx_PeriphCLKConfig  stm32h7xx_hal_rcc_ex.o
    0x08001ba2   0x08001ba2   0x00000002   PAD
    0x08001ba4   0x08001ba4   0x0000025c   Code   RO          804    i.HAL_RCC_ClockConfig  stm32h7xx_hal_rcc.o
    0x08001e00   0x08001e00   0x0000005c   Code   RO          808    i.HAL_RCC_GetClockConfig  stm32h7xx_hal_rcc.o
    0x08001e5c   0x08001e5c   0x00000044   Code   RO          809    i.HAL_RCC_GetHCLKFreq  stm32h7xx_hal_rcc.o
    0x08001ea0   0x08001ea0   0x00000024   Code   RO          811    i.HAL_RCC_GetPCLK1Freq  stm32h7xx_hal_rcc.o
    0x08001ec4   0x08001ec4   0x00000138   Code   RO          813    i.HAL_RCC_GetSysClockFreq  stm32h7xx_hal_rcc.o
    0x08001ffc   0x08001ffc   0x00000508   Code   RO          816    i.HAL_RCC_OscConfig  stm32h7xx_hal_rcc.o
    0x08002504   0x08002504   0x00000130   Code   RO         3642    i.HAL_SD_ConfigWideBusOperation  stm32h7xx_hal_sd.o
    0x08002634   0x08002634   0x00000002   Code   RO         3644    i.HAL_SD_DriveTransceiver_1_8V_Callback  stm32h7xx_hal_sd.o
    0x08002636   0x08002636   0x00000002   PAD
    0x08002638   0x08002638   0x000001bc   Code   RO         3648    i.HAL_SD_GetCardCSD  stm32h7xx_hal_sd.o
    0x080027f4   0x080027f4   0x0000002c   Code   RO         3650    i.HAL_SD_GetCardState  stm32h7xx_hal_sd.o
    0x08002820   0x08002820   0x000000c0   Code   RO         3651    i.HAL_SD_GetCardStatus  stm32h7xx_hal_sd.o
    0x080028e0   0x080028e0   0x000000a2   Code   RO         3655    i.HAL_SD_Init       stm32h7xx_hal_sd.o
    0x08002982   0x08002982   0x00000002   PAD
    0x08002984   0x08002984   0x000000a8   Code   RO         3656    i.HAL_SD_InitCard   stm32h7xx_hal_sd.o
    0x08002a2c   0x08002a2c   0x00000088   Code   RO          356    i.HAL_SD_MspInit    sdmmc.o
    0x08002ab4   0x08002ab4   0x00000140   Code   RO         3938    i.HAL_SPI_Init      stm32h7xx_hal_spi.o
    0x08002bf4   0x08002bf4   0x000000cc   Code   RO          398    i.HAL_SPI_MspInit   spi.o
    0x08002cc0   0x08002cc0   0x00000002   Code   RO         4966    i.HAL_TIMEx_Break2Callback  stm32h7xx_hal_tim_ex.o
    0x08002cc2   0x08002cc2   0x00000002   Code   RO         4967    i.HAL_TIMEx_BreakCallback  stm32h7xx_hal_tim_ex.o
    0x08002cc4   0x08002cc4   0x00000002   Code   RO         4968    i.HAL_TIMEx_CommutCallback  stm32h7xx_hal_tim_ex.o
    0x08002cc6   0x08002cc6   0x00000002   PAD
    0x08002cc8   0x08002cc8   0x000000a0   Code   RO         4970    i.HAL_TIMEx_ConfigBreakDeadTime  stm32h7xx_hal_tim_ex.o
    0x08002d68   0x08002d68   0x00000098   Code   RO         4988    i.HAL_TIMEx_MasterConfigSynchronization  stm32h7xx_hal_tim_ex.o
    0x08002e00   0x08002e00   0x00000062   Code   RO         4252    i.HAL_TIM_Base_Init  stm32h7xx_hal_tim.o
    0x08002e62   0x08002e62   0x00000002   Code   RO         4254    i.HAL_TIM_Base_MspInit  stm32h7xx_hal_tim.o
    0x08002e64   0x08002e64   0x00000040   Code   RO         4257    i.HAL_TIM_Base_Start_IT  stm32h7xx_hal_tim.o
    0x08002ea4   0x08002ea4   0x00000002   Code   RO         4286    i.HAL_TIM_IC_CaptureCallback  stm32h7xx_hal_tim.o
    0x08002ea6   0x08002ea6   0x00000182   Code   RO         4300    i.HAL_TIM_IRQHandler  stm32h7xx_hal_tim.o
    0x08003028   0x08003028   0x00000054   Code   RO          445    i.HAL_TIM_MspPostInit  tim.o
    0x0800307c   0x0800307c   0x00000002   Code   RO         4303    i.HAL_TIM_OC_DelayElapsedCallback  stm32h7xx_hal_tim.o
    0x0800307e   0x0800307e   0x0000011e   Code   RO         4324    i.HAL_TIM_PWM_ConfigChannel  stm32h7xx_hal_tim.o
    0x0800319c   0x0800319c   0x00000062   Code   RO         4327    i.HAL_TIM_PWM_Init  stm32h7xx_hal_tim.o
    0x080031fe   0x080031fe   0x00000002   PAD
    0x08003200   0x08003200   0x00000028   Code   RO          447    i.HAL_TIM_PWM_MspInit  tim.o
    0x08003228   0x08003228   0x00000002   Code   RO         4330    i.HAL_TIM_PWM_PulseFinishedCallback  stm32h7xx_hal_tim.o
    0x0800322a   0x0800322a   0x0000000e   Code   RO           14    i.HAL_TIM_PeriodElapsedCallback  main.o
    0x08003238   0x08003238   0x00000002   Code   RO         4343    i.HAL_TIM_TriggerCallback  stm32h7xx_hal_tim.o
    0x0800323a   0x0800323a   0x00000002   Code   RO          537    i.HardFault_Handler  stm32h7xx_it.o
    0x0800323c   0x0800323c   0x00000020   Code   RO          270    i.MX_FREERTOS_Init  freertos.o
    0x0800325c   0x0800325c   0x000000f8   Code   RO          246    i.MX_GPIO_Init      gpio.o
    0x08003354   0x08003354   0x00000038   Code   RO          315    i.MX_QUADSPI_Init   quadspi.o
    0x0800338c   0x0800338c   0x00000038   Code   RO          357    i.MX_SDMMC1_SD_Init  sdmmc.o
    0x080033c4   0x080033c4   0x0000005c   Code   RO          399    i.MX_SPI1_Init      spi.o
    0x08003420   0x08003420   0x00000060   Code   RO          400    i.MX_SPI4_Init      spi.o
    0x08003480   0x08003480   0x000000ac   Code   RO          448    i.MX_TIM1_Init      tim.o
    0x0800352c   0x0800352c   0x00000034   Code   RO          495    i.MX_USB_OTG_FS_HCD_Init  usb_otg.o
    0x08003560   0x08003560   0x00000002   Code   RO          538    i.MemManage_Handler  stm32h7xx_it.o
    0x08003562   0x08003562   0x00000002   Code   RO          539    i.NMI_Handler       stm32h7xx_it.o
    0x08003564   0x08003564   0x00000048   Code   RO         3113    i.QSPI_WaitFlagStateUntilTimeout  stm32h7xx_hal_qspi.o
    0x080035ac   0x080035ac   0x00000120   Code   RO          931    i.RCCEx_PLL2_Config  stm32h7xx_hal_rcc_ex.o
    0x080036cc   0x080036cc   0x00000120   Code   RO          932    i.RCCEx_PLL3_Config  stm32h7xx_hal_rcc_ex.o
    0x080037ec   0x080037ec   0x00000034   Code   RO         3316    i.SDMMC_CmdAppCommand  stm32h7xx_ll_sdmmc.o
    0x08003820   0x08003820   0x0000002e   Code   RO         3317    i.SDMMC_CmdAppOperCommand  stm32h7xx_ll_sdmmc.o
    0x0800384e   0x0800384e   0x00000032   Code   RO         3318    i.SDMMC_CmdBlockLength  stm32h7xx_ll_sdmmc.o
    0x08003880   0x08003880   0x00000034   Code   RO         3319    i.SDMMC_CmdBusWidth  stm32h7xx_ll_sdmmc.o
    0x080038b4   0x080038b4   0x00000054   Code   RO         3323    i.SDMMC_CmdGoIdleState  stm32h7xx_ll_sdmmc.o
    0x08003908   0x08003908   0x00000074   Code   RO         3325    i.SDMMC_CmdOperCond  stm32h7xx_ll_sdmmc.o
    0x0800397c   0x0800397c   0x00000032   Code   RO         3330    i.SDMMC_CmdSelDesel  stm32h7xx_ll_sdmmc.o
    0x080039ae   0x080039ae   0x0000002c   Code   RO         3331    i.SDMMC_CmdSendCID  stm32h7xx_ll_sdmmc.o
    0x080039da   0x080039da   0x00000030   Code   RO         3332    i.SDMMC_CmdSendCSD  stm32h7xx_ll_sdmmc.o
    0x08003a0a   0x08003a0a   0x00000032   Code   RO         3334    i.SDMMC_CmdSendSCR  stm32h7xx_ll_sdmmc.o
    0x08003a3c   0x08003a3c   0x00000034   Code   RO         3335    i.SDMMC_CmdSendStatus  stm32h7xx_ll_sdmmc.o
    0x08003a70   0x08003a70   0x00000032   Code   RO         3336    i.SDMMC_CmdSetRelAdd  stm32h7xx_ll_sdmmc.o
    0x08003aa2   0x08003aa2   0x00000032   Code   RO         3337    i.SDMMC_CmdStatusRegister  stm32h7xx_ll_sdmmc.o
    0x08003ad4   0x08003ad4   0x00000032   Code   RO         3340    i.SDMMC_CmdVoltageSwitch  stm32h7xx_ll_sdmmc.o
    0x08003b06   0x08003b06   0x00000026   Code   RO         3343    i.SDMMC_ConfigData  stm32h7xx_ll_sdmmc.o
    0x08003b2c   0x08003b2c   0x00000124   Code   RO         3344    i.SDMMC_GetCmdResp1  stm32h7xx_ll_sdmmc.o
    0x08003c50   0x08003c50   0x00000054   Code   RO         3345    i.SDMMC_GetCmdResp2  stm32h7xx_ll_sdmmc.o
    0x08003ca4   0x08003ca4   0x00000048   Code   RO         3346    i.SDMMC_GetCmdResp3  stm32h7xx_ll_sdmmc.o
    0x08003cec   0x08003cec   0x0000008c   Code   RO         3347    i.SDMMC_GetCmdResp6  stm32h7xx_ll_sdmmc.o
    0x08003d78   0x08003d78   0x00000008   Code   RO         3351    i.SDMMC_GetPowerState  stm32h7xx_ll_sdmmc.o
    0x08003d80   0x08003d80   0x00000006   Code   RO         3352    i.SDMMC_GetResponse  stm32h7xx_ll_sdmmc.o
    0x08003d86   0x08003d86   0x00000002   PAD
    0x08003d88   0x08003d88   0x00000020   Code   RO         3353    i.SDMMC_Init        stm32h7xx_ll_sdmmc.o
    0x08003da8   0x08003da8   0x0000000c   Code   RO         3356    i.SDMMC_PowerState_ON  stm32h7xx_ll_sdmmc.o
    0x08003db4   0x08003db4   0x00000006   Code   RO         3357    i.SDMMC_ReadFIFO    stm32h7xx_ll_sdmmc.o
    0x08003dba   0x08003dba   0x00000002   PAD
    0x08003dbc   0x08003dbc   0x00000028   Code   RO         3358    i.SDMMC_SendCommand  stm32h7xx_ll_sdmmc.o
    0x08003de4   0x08003de4   0x000000e4   Code   RO         3668    i.SD_FindSCR        stm32h7xx_hal_sd.o
    0x08003ec8   0x08003ec8   0x000000d4   Code   RO         3670    i.SD_InitCard       stm32h7xx_hal_sd.o
    0x08003f9c   0x08003f9c   0x00000144   Code   RO         3671    i.SD_PowerON        stm32h7xx_hal_sd.o
    0x080040e0   0x080040e0   0x000000e4   Code   RO         3672    i.SD_SendSDStatus   stm32h7xx_hal_sd.o
    0x080041c4   0x080041c4   0x00000008   Code   RO          271    i.StartDefaultTask  freertos.o
    0x080041cc   0x080041cc   0x0000002c   Code   RO         7340    i.SysTick_Handler   port.o
    0x080041f8   0x080041f8   0x000000d8   Code   RO           15    i.SystemClock_Config  main.o
    0x080042d0   0x080042d0   0x000000e4   Code   RO         5734    i.SystemInit        system_stm32h7xx.o
    0x080043b4   0x080043b4   0x0000000c   Code   RO          540    i.TIM2_IRQHandler   stm32h7xx_it.o
    0x080043c0   0x080043c0   0x000000c4   Code   RO         4345    i.TIM_Base_SetConfig  stm32h7xx_hal_tim.o
    0x08004484   0x08004484   0x000000a8   Code   RO         4358    i.TIM_OC1_SetConfig  stm32h7xx_hal_tim.o
    0x0800452c   0x0800452c   0x00000098   Code   RO         4359    i.TIM_OC2_SetConfig  stm32h7xx_hal_tim.o
    0x080045c4   0x080045c4   0x0000008c   Code   RO         4360    i.TIM_OC3_SetConfig  stm32h7xx_hal_tim.o
    0x08004650   0x08004650   0x0000006c   Code   RO         4361    i.TIM_OC4_SetConfig  stm32h7xx_hal_tim.o
    0x080046bc   0x080046bc   0x0000006c   Code   RO         4362    i.TIM_OC5_SetConfig  stm32h7xx_hal_tim.o
    0x08004728   0x08004728   0x0000006c   Code   RO         4363    i.TIM_OC6_SetConfig  stm32h7xx_hal_tim.o
    0x08004794   0x08004794   0x00000078   Code   RO         5438    i.USB_CoreInit      stm32h7xx_ll_usb.o
    0x0800480c   0x0800480c   0x00000038   Code   RO         5439    i.USB_CoreReset     stm32h7xx_ll_usb.o
    0x08004844   0x08004844   0x0000000c   Code   RO         5446    i.USB_DisableGlobalInt  stm32h7xx_ll_usb.o
    0x08004850   0x08004850   0x0000002c   Code   RO         5448    i.USB_DriveVbus     stm32h7xx_ll_usb.o
    0x0800487c   0x0800487c   0x00000020   Code   RO         5455    i.USB_FlushRxFifo   stm32h7xx_ll_usb.o
    0x0800489c   0x0800489c   0x00000024   Code   RO         5456    i.USB_FlushTxFifo   stm32h7xx_ll_usb.o
    0x080048c0   0x080048c0   0x000000cc   Code   RO         5465    i.USB_HostInit      stm32h7xx_ll_usb.o
    0x0800498c   0x0800498c   0x0000002e   Code   RO         5474    i.USB_SetCurrentMode  stm32h7xx_ll_usb.o
    0x080049ba   0x080049ba   0x00000002   Code   RO          541    i.UsageFault_Handler  stm32h7xx_it.o
    0x080049bc   0x080049bc   0x00000022   Code   RO          681    i.__NVIC_SetPriority  stm32h7xx_hal_cortex.o
    0x080049de   0x080049de   0x00000032   Code   RO           16    i.main              main.o
    0x08004a10   0x08004a10   0x00000034   Code   RO         6860    i.osDelay           cmsis_os2.o
    0x08004a44   0x08004a44   0x00000038   Code   RO         6874    i.osKernelInitialize  cmsis_os2.o
    0x08004a7c   0x08004a7c   0x00000040   Code   RO         6877    i.osKernelStart     cmsis_os2.o
    0x08004abc   0x08004abc   0x000000a8   Code   RO         6910    i.osThreadNew       cmsis_os2.o
    0x08004b64   0x08004b64   0x0000005c   Code   RO         6341    i.prvAddCurrentTaskToDelayedList  tasks.o
    0x08004bc0   0x08004bc0   0x000000d0   Code   RO         6342    i.prvAddNewTaskToReadyList  tasks.o
    0x08004c90   0x08004c90   0x00000058   Code   RO         6694    i.prvCheckForValidListAndQueue  timers.o
    0x08004ce8   0x08004ce8   0x00000026   Code   RO         5938    i.prvCopyDataFromQueue  queue.o
    0x08004d0e   0x08004d0e   0x0000006c   Code   RO         5939    i.prvCopyDataToQueue  queue.o
    0x08004d7a   0x08004d7a   0x00000034   Code   RO         6343    i.prvDeleteTCB      tasks.o
    0x08004dae   0x08004dae   0x00000002   PAD
    0x08004db0   0x08004db0   0x00000050   Code   RO         7290    i.prvHeapInit       heap_4.o
    0x08004e00   0x08004e00   0x00000060   Code   RO         6344    i.prvIdleTask       tasks.o
    0x08004e60   0x08004e60   0x00000022   Code   RO         5941    i.prvInitialiseNewQueue  queue.o
    0x08004e82   0x08004e82   0x000000b0   Code   RO         6345    i.prvInitialiseNewTask  tasks.o
    0x08004f32   0x08004f32   0x00000002   PAD
    0x08004f34   0x08004f34   0x0000004c   Code   RO         7291    i.prvInsertBlockIntoFreeList  heap_4.o
    0x08004f80   0x08004f80   0x0000003c   Code   RO         6696    i.prvInsertTimerInActiveList  timers.o
    0x08004fbc   0x08004fbc   0x0000001c   Code   RO         5942    i.prvIsQueueEmpty   queue.o
    0x08004fd8   0x08004fd8   0x000000f8   Code   RO         6697    i.prvProcessReceivedCommands  timers.o
    0x080050d0   0x080050d0   0x000000c0   Code   RO         6698    i.prvProcessTimerOrBlockTask  timers.o
    0x08005190   0x08005190   0x00000020   Code   RO         6347    i.prvResetNextTaskUnblockTime  tasks.o
    0x080051b0   0x080051b0   0x00000028   Code   RO         6699    i.prvSampleTimeNow  timers.o
    0x080051d8   0x080051d8   0x0000006c   Code   RO         6700    i.prvSwitchTimerLists  timers.o
    0x08005244   0x08005244   0x00000028   Code   RO         7341    i.prvTaskExitError  port.o
    0x0800526c   0x0800526c   0x00000024   Code   RO         6701    i.prvTimerTask      timers.o
    0x08005290   0x08005290   0x0000006a   Code   RO         5943    i.prvUnlockQueue    queue.o
    0x080052fa   0x080052fa   0x00000002   PAD
    0x080052fc   0x080052fc   0x000000d8   Code   RO         7292    i.pvPortMalloc      heap_4.o
    0x080053d4   0x080053d4   0x00000030   Code   RO         7342    i.pxPortInitialiseStack  port.o
    0x08005404   0x08005404   0x00000026   Code   RO         5898    i.uxListRemove      list.o
    0x0800542a   0x0800542a   0x00000002   PAD
    0x0800542c   0x0800542c   0x00000018   Code   RO         6922    i.vApplicationGetIdleTaskMemory  cmsis_os2.o
    0x08005444   0x08005444   0x00000018   Code   RO         6923    i.vApplicationGetTimerTaskMemory  cmsis_os2.o
    0x0800545c   0x0800545c   0x00000016   Code   RO         5899    i.vListInitialise   list.o
    0x08005472   0x08005472   0x00000006   Code   RO         5900    i.vListInitialiseItem  list.o
    0x08005478   0x08005478   0x00000030   Code   RO         5901    i.vListInsert       list.o
    0x080054a8   0x080054a8   0x00000018   Code   RO         5902    i.vListInsertEnd    list.o
    0x080054c0   0x080054c0   0x00000040   Code   RO         7344    i.vPortEnterCritical  port.o
    0x08005500   0x08005500   0x00000028   Code   RO         7345    i.vPortExitCritical  port.o
    0x08005528   0x08005528   0x0000005c   Code   RO         7293    i.vPortFree         heap_4.o
    0x08005584   0x08005584   0x00000024   Code   RO         7346    i.vPortSetupTimerInterrupt  port.o
    0x080055a8   0x080055a8   0x00000054   Code   RO         7347    i.vPortValidateInterruptPriority  port.o
    0x080055fc   0x080055fc   0x00000028   Code   RO         5949    i.vQueueAddToRegistry  queue.o
    0x08005624   0x08005624   0x00000044   Code   RO         5953    i.vQueueWaitForMessageRestricted  queue.o
    0x08005668   0x08005668   0x0000004c   Code   RO         6359    i.vTaskDelay        tasks.o
    0x080056b4   0x080056b4   0x00000010   Code   RO         6364    i.vTaskInternalSetTimeOutState  tasks.o
    0x080056c4   0x080056c4   0x0000000c   Code   RO         6365    i.vTaskMissedYield  tasks.o
    0x080056d0   0x080056d0   0x00000030   Code   RO         6367    i.vTaskPlaceOnEventList  tasks.o
    0x08005700   0x08005700   0x00000038   Code   RO         6368    i.vTaskPlaceOnEventListRestricted  tasks.o
    0x08005738   0x08005738   0x00000088   Code   RO         6376    i.vTaskStartScheduler  tasks.o
    0x080057c0   0x080057c0   0x00000010   Code   RO         6378    i.vTaskSuspendAll   tasks.o
    0x080057d0   0x080057d0   0x00000064   Code   RO         6379    i.vTaskSwitchContext  tasks.o
    0x08005834   0x08005834   0x000000f4   Code   RO         7348    i.xPortStartScheduler  port.o
    0x08005928   0x08005928   0x00000066   Code   RO         5959    i.xQueueGenericCreateStatic  queue.o
    0x0800598e   0x0800598e   0x00000002   PAD
    0x08005990   0x08005990   0x00000094   Code   RO         5960    i.xQueueGenericReset  queue.o
    0x08005a24   0x08005a24   0x00000160   Code   RO         5961    i.xQueueGenericSend  queue.o
    0x08005b84   0x08005b84   0x000000bc   Code   RO         5962    i.xQueueGenericSendFromISR  queue.o
    0x08005c40   0x08005c40   0x0000013c   Code   RO         5971    i.xQueueReceive     queue.o
    0x08005d7c   0x08005d7c   0x00000078   Code   RO         6380    i.xTaskCheckForTimeOut  tasks.o
    0x08005df4   0x08005df4   0x0000005a   Code   RO         6381    i.xTaskCreate       tasks.o
    0x08005e4e   0x08005e4e   0x00000056   Code   RO         6382    i.xTaskCreateStatic  tasks.o
    0x08005ea4   0x08005ea4   0x0000001c   Code   RO         6386    i.xTaskGetSchedulerState  tasks.o
    0x08005ec0   0x08005ec0   0x0000000c   Code   RO         6387    i.xTaskGetTickCount  tasks.o
    0x08005ecc   0x08005ecc   0x000000c8   Code   RO         6389    i.xTaskIncrementTick  tasks.o
    0x08005f94   0x08005f94   0x0000007c   Code   RO         6392    i.xTaskPriorityDisinherit  tasks.o
    0x08006010   0x08006010   0x00000070   Code   RO         6394    i.xTaskRemoveFromEventList  tasks.o
    0x08006080   0x08006080   0x000000c4   Code   RO         6395    i.xTaskResumeAll    tasks.o
    0x08006144   0x08006144   0x00000060   Code   RO         6709    i.xTimerCreateTimerTask  timers.o
    0x080061a4   0x080061a4   0x00000068   Code   RO         6710    i.xTimerGenericCommand  timers.o
    0x0800620c   0x0800620c   0x0000000a   Code   RO         7519    x$fpl$fpinit        fz_wv.l(fpinit.o)
    0x08006216   0x08006216   0x00000002   PAD
    0x08006218   0x08006218   0x00000024   Data   RO          272    .constdata          freertos.o
    0x0800623c   0x0800623c   0x00000010   Data   RO         5735    .constdata          system_stm32h7xx.o
    0x0800624c   0x0800624c   0x0000000c   Data   RO          273    .conststring        freertos.o
    0x08006258   0x08006258   0x00000020   Data   RO         7587    Region$$Table       anon$$obj.o


    Execution Region RW_IRAM1 (Exec base: 0x20000000, Load base: 0x08006278, Size: 0x00000000, Max: 0x00020000, ABSOLUTE)

    **** No section assigned to this execution region ****


    Execution Region RW_IRAM2 (Exec base: 0x24000000, Load base: 0x08006278, Size: 0x00005500, Max: 0x00080000, ABSOLUTE)

    Exec Addr    Load Addr    Size         Type   Attr      Idx    E Section Name        Object

    0x24000000   0x08006278   0x00000004   Data   RW          274    .data               freertos.o
    0x24000004   0x0800627c   0x0000000c   Data   RW         2204    .data               stm32h7xx_hal.o
    0x24000010   0x08006288   0x00000008   Data   RW         5736    .data               system_stm32h7xx.o
    0x24000018   0x08006290   0x0000003c   Data   RW         6398    .data               tasks.o
    0x24000054   0x080062cc   0x00000014   Data   RW         6718    .data               timers.o
    0x24000068   0x080062e0   0x00000004   Data   RW         6925    .data               cmsis_os2.o
    0x2400006c   0x080062e4   0x00000018   Data   RW         7298    .data               heap_4.o
    0x24000084   0x080062fc   0x0000000c   Data   RW         7349    .data               port.o
    0x24000090        -       0x0000004c   Zero   RW          316    .bss                quadspi.o
    0x240000dc        -       0x00000080   Zero   RW          358    .bss                sdmmc.o
    0x2400015c        -       0x00000110   Zero   RW          401    .bss                spi.o
    0x2400026c        -       0x0000004c   Zero   RW          449    .bss                tim.o
    0x240002b8        -       0x000002c4   Zero   RW          496    .bss                usb_otg.o
    0x2400057c        -       0x0000004c   Zero   RW          626    .bss                stm32h7xx_hal_timebase_tim.o
    0x240005c8        -       0x00000040   Zero   RW         5975    .bss                queue.o
    0x24000608        -       0x000004c4   Zero   RW         6397    .bss                tasks.o
    0x24000acc        -       0x00000118   Zero   RW         6717    .bss                timers.o
    0x24000be4        -       0x000006b8   Zero   RW         6924    .bss                cmsis_os2.o
    0x2400129c        -       0x00003c00   Zero   RW         7297    .bss                heap_4.o
    0x24004e9c        -       0x00000060   Zero   RW         7461    .bss                c_w.l(libspace.o)
    0x24004efc   0x08006308   0x00000004   PAD
    0x24004f00        -       0x00000200   Zero   RW            2    HEAP                startup_stm32h743xx.o
    0x24005100        -       0x00000400   Zero   RW            1    STACK               startup_stm32h743xx.o


==============================================================================

Image component sizes


      Code (inc. data)   RO Data    RW Data    ZI Data      Debug   Object Name

       388         30          0          4       1720      30838   cmsis_os2.o
         0          0          0          0          0      18420   event_groups.o
        40         14         48          4          0       1937   freertos.o
       248         16          0          0          0       1227   gpio.o
       464         24          0         24      15360       5063   heap_4.o
       138          0          0          0          0       3842   list.o
       284         14          0          0          0    1323647   main.o
       790         84          0         12          0      12065   port.o
       264         30          0          0         76       2049   quadspi.o
      1528         22          0          0         64      18000   queue.o
       192         28          0          0        128       1968   sdmmc.o
       392         42          0          0        272       2742   spi.o
        64         26        664          0       1536        872   startup_stm32h743xx.o
       168         36          0         12          0      22969   stm32h7xx_hal.o
       160         12          0          0          0      38338   stm32h7xx_hal_cortex.o
       570         50          0          0          0       2800   stm32h7xx_hal_gpio.o
       114          0          0          0          0       1595   stm32h7xx_hal_hcd.o
        36          4          0          0          0       1010   stm32h7xx_hal_msp.o
       100         10          0          0          0       1414   stm32h7xx_hal_pwr_ex.o
       244         10          0          0          0       2906   stm32h7xx_hal_qspi.o
      2400        106          0          0          0       7458   stm32h7xx_hal_rcc.o
      4294        170          0          0          0      10679   stm32h7xx_hal_rcc_ex.o
      2308         40          0          0          0      12269   stm32h7xx_hal_sd.o
       320         12          0          0          0       1687   stm32h7xx_hal_spi.o
      1922        174          0          0          0      14263   stm32h7xx_hal_tim.o
       318         34          0          0          0       4304   stm32h7xx_hal_tim_ex.o
       140         18          0          0         76       1695   stm32h7xx_hal_timebase_tim.o
        24          6          0          0          0       3455   stm32h7xx_it.o
      1524         66          0          0          0      21041   stm32h7xx_ll_sdmmc.o
       550         42          0          0          0       7233   stm32h7xx_ll_usb.o
         0          0          0          0          0        384   stream_buffer.o
       228         40         16          8          0       1622   system_stm32h7xx.o
      2084        164          0         60       1220      27800   tasks.o
       296         30          0          0         76       2671   tim.o
       972         84          0         20        280      32591   timers.o
       156         20          0          0        708       1997   usb_otg.o

    ----------------------------------------------------------------------
     23754       1458        760        144      21516    1644851   Object Totals
         0          0         32          0          0          0   (incl. Generated)
        34          0          0          0          0          0   (incl. Padding)

    ----------------------------------------------------------------------

      Code (inc. data)   RO Data    RW Data    ZI Data      Debug   Library Member Name

         8          0          0          0          0         68   __main.o
         0          0          0          0          0          0   __rtentry.o
        12          0          0          0          0          0   __rtentry2.o
         6          0          0          0          0          0   __rtentry4.o
        52          8          0          0          0          0   __scatter.o
        26          0          0          0          0          0   __scatter_copy.o
        28          0          0          0          0          0   __scatter_zi.o
        16          0          0          0          0         68   aeabi_memset.o
        18          0          0          0          0         80   exit.o
         6          0          0          0          0        152   heapauxi.o
         0          0          0          0          0          0   indicate_semi.o
         2          0          0          0          0          0   libinit.o
         6          0          0          0          0          0   libinit2.o
         2          0          0          0          0          0   libshutdown.o
         2          0          0          0          0          0   libshutdown2.o
         8          4          0          0         96         68   libspace.o
        68          0          0          0          0         68   rt_memclr.o
        78          0          0          0          0         80   rt_memclr_w.o
       138          0          0          0          0         68   rt_memcpy_v6.o
       100          0          0          0          0         80   rt_memcpy_w.o
         2          0          0          0          0          0   rtexit.o
        10          0          0          0          0          0   rtexit2.o
        12          4          0          0          0         68   sys_exit.o
        74          0          0          0          0         80   sys_stackheap_outer.o
         2          0          0          0          0         68   use_no_semi.o
        10          0          0          0          0        116   fpinit.o

    ----------------------------------------------------------------------
       694         16          0          0        100       1064   Library Totals
         8          0          0          0          4          0   (incl. Padding)

    ----------------------------------------------------------------------

      Code (inc. data)   RO Data    RW Data    ZI Data      Debug   Library Name

       676         16          0          0         96        948   c_w.l
        10          0          0          0          0        116   fz_wv.l

    ----------------------------------------------------------------------
       694         16          0          0        100       1064   Library Totals

    ----------------------------------------------------------------------

==============================================================================


      Code (inc. data)   RO Data    RW Data    ZI Data      Debug   

     24448       1474        760        144      21616    1627099   Grand Totals
     24448       1474        760        144      21616    1627099   ELF Image Totals
     24448       1474        760        144          0          0   ROM Totals

==============================================================================

    Total RO  Size (Code + RO Data)                25208 (  24.62kB)
    Total RW  Size (RW Data + ZI Data)             21760 (  21.25kB)
    Total ROM Size (Code + RO Data + RW Data)      25352 (  24.76kB)

==============================================================================

